<?xml version="1.0"?>
<link_info>
   <banner>TI ARM Linker PC v15.12.3.LTS</banner>
   <copyright>Copyright (c) 1996-2015 Texas Instruments Incorporated</copyright>
   <link_time>0x649d6dc4</link_time>
   <link_errors>0x0</link_errors>
   <output_file>can test 2.out</output_file>
   <entry_point>
      <name>_c_int00</name>
      <address>0x7ebc</address>
   </entry_point>
   <input_file_list>
      <input_file id="fl-2">
         <path>.\source\</path>
         <kind>object</kind>
         <file>HL_can.obj</file>
         <name>HL_can.obj</name>
      </input_file>
      <input_file id="fl-3">
         <path>.\source\</path>
         <kind>object</kind>
         <file>HL_epc.obj</file>
         <name>HL_epc.obj</name>
      </input_file>
      <input_file id="fl-4">
         <path>.\source\</path>
         <kind>object</kind>
         <file>HL_errata.obj</file>
         <name>HL_errata.obj</name>
      </input_file>
      <input_file id="fl-5">
         <path>.\source\</path>
         <kind>object</kind>
         <file>HL_errata_SSWF021_45.obj</file>
         <name>HL_errata_SSWF021_45.obj</name>
      </input_file>
      <input_file id="fl-6">
         <path>.\source\</path>
         <kind>object</kind>
         <file>HL_esm.obj</file>
         <name>HL_esm.obj</name>
      </input_file>
      <input_file id="fl-7">
         <path>.\source\</path>
         <kind>object</kind>
         <file>HL_nmpu.obj</file>
         <name>HL_nmpu.obj</name>
      </input_file>
      <input_file id="fl-8">
         <path>.\source\</path>
         <kind>object</kind>
         <file>HL_notification.obj</file>
         <name>HL_notification.obj</name>
      </input_file>
      <input_file id="fl-9">
         <path>.\source\</path>
         <kind>object</kind>
         <file>HL_pinmux.obj</file>
         <name>HL_pinmux.obj</name>
      </input_file>
      <input_file id="fl-a">
         <path>.\source\</path>
         <kind>object</kind>
         <file>HL_sys_core.obj</file>
         <name>HL_sys_core.obj</name>
      </input_file>
      <input_file id="fl-b">
         <path>.\source\</path>
         <kind>object</kind>
         <file>HL_sys_dma.obj</file>
         <name>HL_sys_dma.obj</name>
      </input_file>
      <input_file id="fl-c">
         <path>.\source\</path>
         <kind>object</kind>
         <file>HL_sys_intvecs.obj</file>
         <name>HL_sys_intvecs.obj</name>
      </input_file>
      <input_file id="fl-d">
         <path>.\source\</path>
         <kind>object</kind>
         <file>HL_sys_main.obj</file>
         <name>HL_sys_main.obj</name>
      </input_file>
      <input_file id="fl-e">
         <path>.\source\</path>
         <kind>object</kind>
         <file>HL_sys_mpu.obj</file>
         <name>HL_sys_mpu.obj</name>
      </input_file>
      <input_file id="fl-f">
         <path>.\source\</path>
         <kind>object</kind>
         <file>HL_sys_pcr.obj</file>
         <name>HL_sys_pcr.obj</name>
      </input_file>
      <input_file id="fl-10">
         <path>.\source\</path>
         <kind>object</kind>
         <file>HL_sys_phantom.obj</file>
         <name>HL_sys_phantom.obj</name>
      </input_file>
      <input_file id="fl-11">
         <path>.\source\</path>
         <kind>object</kind>
         <file>HL_sys_pmm.obj</file>
         <name>HL_sys_pmm.obj</name>
      </input_file>
      <input_file id="fl-12">
         <path>.\source\</path>
         <kind>object</kind>
         <file>HL_sys_pmu.obj</file>
         <name>HL_sys_pmu.obj</name>
      </input_file>
      <input_file id="fl-13">
         <path>.\source\</path>
         <kind>object</kind>
         <file>HL_sys_startup.obj</file>
         <name>HL_sys_startup.obj</name>
      </input_file>
      <input_file id="fl-14">
         <path>.\source\</path>
         <kind>object</kind>
         <file>HL_sys_vim.obj</file>
         <name>HL_sys_vim.obj</name>
      </input_file>
      <input_file id="fl-15">
         <path>.\source\</path>
         <kind>object</kind>
         <file>HL_system.obj</file>
         <name>HL_system.obj</name>
      </input_file>
      <input_file id="fl-cf">
         <path>C:\ti_texas_instrument_ccstudio\ccsv6\tools\compiler\arm_15.12.3.LTS\lib\</path>
         <kind>archive</kind>
         <file>rtsv7R4_A_be_v3D16_eabi.lib</file>
         <name>autoinit.obj</name>
      </input_file>
      <input_file id="fl-d0">
         <path>C:\ti_texas_instrument_ccstudio\ccsv6\tools\compiler\arm_15.12.3.LTS\lib\</path>
         <kind>archive</kind>
         <file>rtsv7R4_A_be_v3D16_eabi.lib</file>
         <name>copy_decompress_none.obj</name>
      </input_file>
      <input_file id="fl-d1">
         <path>C:\ti_texas_instrument_ccstudio\ccsv6\tools\compiler\arm_15.12.3.LTS\lib\</path>
         <kind>archive</kind>
         <file>rtsv7R4_A_be_v3D16_eabi.lib</file>
         <name>copy_decompress_rle.obj</name>
      </input_file>
      <input_file id="fl-d2">
         <path>C:\ti_texas_instrument_ccstudio\ccsv6\tools\compiler\arm_15.12.3.LTS\lib\</path>
         <kind>archive</kind>
         <file>rtsv7R4_A_be_v3D16_eabi.lib</file>
         <name>copy_zero_init.obj</name>
      </input_file>
      <input_file id="fl-d3">
         <path>C:\ti_texas_instrument_ccstudio\ccsv6\tools\compiler\arm_15.12.3.LTS\lib\</path>
         <kind>archive</kind>
         <file>rtsv7R4_A_be_v3D16_eabi.lib</file>
         <name>cpy_tbl.obj</name>
      </input_file>
      <input_file id="fl-d4">
         <path>C:\ti_texas_instrument_ccstudio\ccsv6\tools\compiler\arm_15.12.3.LTS\lib\</path>
         <kind>archive</kind>
         <file>rtsv7R4_A_be_v3D16_eabi.lib</file>
         <name>defs.obj</name>
      </input_file>
      <input_file id="fl-d5">
         <path>C:\ti_texas_instrument_ccstudio\ccsv6\tools\compiler\arm_15.12.3.LTS\lib\</path>
         <kind>archive</kind>
         <file>rtsv7R4_A_be_v3D16_eabi.lib</file>
         <name>exit.obj</name>
      </input_file>
      <input_file id="fl-d6">
         <path>C:\ti_texas_instrument_ccstudio\ccsv6\tools\compiler\arm_15.12.3.LTS\lib\</path>
         <kind>archive</kind>
         <file>rtsv7R4_A_be_v3D16_eabi.lib</file>
         <name>fflush.obj</name>
      </input_file>
      <input_file id="fl-d7">
         <path>C:\ti_texas_instrument_ccstudio\ccsv6\tools\compiler\arm_15.12.3.LTS\lib\</path>
         <kind>archive</kind>
         <file>rtsv7R4_A_be_v3D16_eabi.lib</file>
         <name>lowlev.obj</name>
      </input_file>
      <input_file id="fl-d8">
         <path>C:\ti_texas_instrument_ccstudio\ccsv6\tools\compiler\arm_15.12.3.LTS\lib\</path>
         <kind>archive</kind>
         <file>rtsv7R4_A_be_v3D16_eabi.lib</file>
         <name>memcpy32.obj</name>
      </input_file>
      <input_file id="fl-d9">
         <path>C:\ti_texas_instrument_ccstudio\ccsv6\tools\compiler\arm_15.12.3.LTS\lib\</path>
         <kind>archive</kind>
         <file>rtsv7R4_A_be_v3D16_eabi.lib</file>
         <name>memset32.obj</name>
      </input_file>
      <input_file id="fl-da">
         <path>C:\ti_texas_instrument_ccstudio\ccsv6\tools\compiler\arm_15.12.3.LTS\lib\</path>
         <kind>archive</kind>
         <file>rtsv7R4_A_be_v3D16_eabi.lib</file>
         <name>printf.obj</name>
      </input_file>
      <input_file id="fl-db">
         <path>C:\ti_texas_instrument_ccstudio\ccsv6\tools\compiler\arm_15.12.3.LTS\lib\</path>
         <kind>archive</kind>
         <file>rtsv7R4_A_be_v3D16_eabi.lib</file>
         <name>startup.obj</name>
      </input_file>
      <input_file id="fl-dc">
         <path>C:\ti_texas_instrument_ccstudio\ccsv6\tools\compiler\arm_15.12.3.LTS\lib\</path>
         <kind>archive</kind>
         <file>rtsv7R4_A_be_v3D16_eabi.lib</file>
         <name>strchr.obj</name>
      </input_file>
      <input_file id="fl-dd">
         <path>C:\ti_texas_instrument_ccstudio\ccsv6\tools\compiler\arm_15.12.3.LTS\lib\</path>
         <kind>archive</kind>
         <file>rtsv7R4_A_be_v3D16_eabi.lib</file>
         <name>strcmp.obj</name>
      </input_file>
      <input_file id="fl-de">
         <path>C:\ti_texas_instrument_ccstudio\ccsv6\tools\compiler\arm_15.12.3.LTS\lib\</path>
         <kind>archive</kind>
         <file>rtsv7R4_A_be_v3D16_eabi.lib</file>
         <name>strncpy.obj</name>
      </input_file>
      <input_file id="fl-df">
         <path>C:\ti_texas_instrument_ccstudio\ccsv6\tools\compiler\arm_15.12.3.LTS\lib\</path>
         <kind>archive</kind>
         <file>rtsv7R4_A_be_v3D16_eabi.lib</file>
         <name>trgdrv.obj</name>
      </input_file>
      <input_file id="fl-e0">
         <path>C:\ti_texas_instrument_ccstudio\ccsv6\tools\compiler\arm_15.12.3.LTS\lib\</path>
         <kind>archive</kind>
         <file>rtsv7R4_A_be_v3D16_eabi.lib</file>
         <name>trgmsg.obj</name>
      </input_file>
      <input_file id="fl-e1">
         <path>C:\ti_texas_instrument_ccstudio\ccsv6\tools\compiler\arm_15.12.3.LTS\lib\</path>
         <kind>archive</kind>
         <file>rtsv7R4_A_be_v3D16_eabi.lib</file>
         <name>_lock.obj</name>
      </input_file>
      <input_file id="fl-e2">
         <path>C:\ti_texas_instrument_ccstudio\ccsv6\tools\compiler\arm_15.12.3.LTS\lib\</path>
         <kind>archive</kind>
         <file>rtsv7R4_A_be_v3D16_eabi.lib</file>
         <name>_printfi.obj</name>
      </input_file>
      <input_file id="fl-e3">
         <path>C:\ti_texas_instrument_ccstudio\ccsv6\tools\compiler\arm_15.12.3.LTS\lib\</path>
         <kind>archive</kind>
         <file>rtsv7R4_A_be_v3D16_eabi.lib</file>
         <name>atoi.obj</name>
      </input_file>
      <input_file id="fl-e4">
         <path>C:\ti_texas_instrument_ccstudio\ccsv6\tools\compiler\arm_15.12.3.LTS\lib\</path>
         <kind>archive</kind>
         <file>rtsv7R4_A_be_v3D16_eabi.lib</file>
         <name>ctype.obj</name>
      </input_file>
      <input_file id="fl-e5">
         <path>C:\ti_texas_instrument_ccstudio\ccsv6\tools\compiler\arm_15.12.3.LTS\lib\</path>
         <kind>archive</kind>
         <file>rtsv7R4_A_be_v3D16_eabi.lib</file>
         <name>fputc.obj</name>
      </input_file>
      <input_file id="fl-e6">
         <path>C:\ti_texas_instrument_ccstudio\ccsv6\tools\compiler\arm_15.12.3.LTS\lib\</path>
         <kind>archive</kind>
         <file>rtsv7R4_A_be_v3D16_eabi.lib</file>
         <name>fputs.obj</name>
      </input_file>
      <input_file id="fl-e7">
         <path>C:\ti_texas_instrument_ccstudio\ccsv6\tools\compiler\arm_15.12.3.LTS\lib\</path>
         <kind>archive</kind>
         <file>rtsv7R4_A_be_v3D16_eabi.lib</file>
         <name>ltoa.obj</name>
      </input_file>
      <input_file id="fl-e8">
         <path>C:\ti_texas_instrument_ccstudio\ccsv6\tools\compiler\arm_15.12.3.LTS\lib\</path>
         <kind>archive</kind>
         <file>rtsv7R4_A_be_v3D16_eabi.lib</file>
         <name>memccpy.obj</name>
      </input_file>
      <input_file id="fl-e9">
         <path>C:\ti_texas_instrument_ccstudio\ccsv6\tools\compiler\arm_15.12.3.LTS\lib\</path>
         <kind>archive</kind>
         <file>rtsv7R4_A_be_v3D16_eabi.lib</file>
         <name>memchr.obj</name>
      </input_file>
      <input_file id="fl-ea">
         <path>C:\ti_texas_instrument_ccstudio\ccsv6\tools\compiler\arm_15.12.3.LTS\lib\</path>
         <kind>archive</kind>
         <file>rtsv7R4_A_be_v3D16_eabi.lib</file>
         <name>s_frexp.obj</name>
      </input_file>
      <input_file id="fl-eb">
         <path>C:\ti_texas_instrument_ccstudio\ccsv6\tools\compiler\arm_15.12.3.LTS\lib\</path>
         <kind>archive</kind>
         <file>rtsv7R4_A_be_v3D16_eabi.lib</file>
         <name>s_scalbn.obj</name>
      </input_file>
      <input_file id="fl-ec">
         <path>C:\ti_texas_instrument_ccstudio\ccsv6\tools\compiler\arm_15.12.3.LTS\lib\</path>
         <kind>archive</kind>
         <file>rtsv7R4_A_be_v3D16_eabi.lib</file>
         <name>strcpy.obj</name>
      </input_file>
      <input_file id="fl-ed">
         <path>C:\ti_texas_instrument_ccstudio\ccsv6\tools\compiler\arm_15.12.3.LTS\lib\</path>
         <kind>archive</kind>
         <file>rtsv7R4_A_be_v3D16_eabi.lib</file>
         <name>strlen.obj</name>
      </input_file>
      <input_file id="fl-ee">
         <path>C:\ti_texas_instrument_ccstudio\ccsv6\tools\compiler\arm_15.12.3.LTS\lib\</path>
         <kind>archive</kind>
         <file>rtsv7R4_A_be_v3D16_eabi.lib</file>
         <name>u_div32.obj</name>
      </input_file>
      <input_file id="fl-ef">
         <path>C:\ti_texas_instrument_ccstudio\ccsv6\tools\compiler\arm_15.12.3.LTS\lib\</path>
         <kind>archive</kind>
         <file>rtsv7R4_A_be_v3D16_eabi.lib</file>
         <name>ull_div32.obj</name>
      </input_file>
      <input_file id="fl-f0">
         <path>C:\ti_texas_instrument_ccstudio\ccsv6\tools\compiler\arm_15.12.3.LTS\lib\</path>
         <kind>archive</kind>
         <file>rtsv7R4_A_be_v3D16_eabi.lib</file>
         <name>_io_perm.obj</name>
      </input_file>
      <input_file id="fl-f1">
         <path>C:\ti_texas_instrument_ccstudio\ccsv6\tools\compiler\arm_15.12.3.LTS\lib\</path>
         <kind>archive</kind>
         <file>rtsv7R4_A_be_v3D16_eabi.lib</file>
         <name>errno.obj</name>
      </input_file>
      <input_file id="fl-f2">
         <path>C:\ti_texas_instrument_ccstudio\ccsv6\tools\compiler\arm_15.12.3.LTS\lib\</path>
         <kind>archive</kind>
         <file>rtsv7R4_A_be_v3D16_eabi.lib</file>
         <name>fseek.obj</name>
      </input_file>
      <input_file id="fl-f3">
         <path>C:\ti_texas_instrument_ccstudio\ccsv6\tools\compiler\arm_15.12.3.LTS\lib\</path>
         <kind>archive</kind>
         <file>rtsv7R4_A_be_v3D16_eabi.lib</file>
         <name>i_div0.obj</name>
      </input_file>
      <input_file id="fl-f4">
         <path>C:\ti_texas_instrument_ccstudio\ccsv6\tools\compiler\arm_15.12.3.LTS\lib\</path>
         <kind>archive</kind>
         <file>rtsv7R4_A_be_v3D16_eabi.lib</file>
         <name>i_div32.obj</name>
      </input_file>
      <input_file id="fl-f5">
         <path>C:\ti_texas_instrument_ccstudio\ccsv6\tools\compiler\arm_15.12.3.LTS\lib\</path>
         <kind>archive</kind>
         <file>rtsv7R4_A_be_v3D16_eabi.lib</file>
         <name>s_copysign.obj</name>
      </input_file>
      <input_file id="fl-f6">
         <path>C:\ti_texas_instrument_ccstudio\ccsv6\tools\compiler\arm_15.12.3.LTS\lib\</path>
         <kind>archive</kind>
         <file>rtsv7R4_A_be_v3D16_eabi.lib</file>
         <name>setvbuf.obj</name>
      </input_file>
      <input_file id="fl-f7">
         <path>C:\ti_texas_instrument_ccstudio\ccsv6\tools\compiler\arm_15.12.3.LTS\lib\</path>
         <kind>archive</kind>
         <file>rtsv7R4_A_be_v3D16_eabi.lib</file>
         <name>fopen.obj</name>
      </input_file>
      <input_file id="fl-f8">
         <path>C:\ti_texas_instrument_ccstudio\ccsv6\tools\compiler\arm_15.12.3.LTS\lib\</path>
         <kind>archive</kind>
         <file>rtsv7R4_A_be_v3D16_eabi.lib</file>
         <name>memory.obj</name>
      </input_file>
      <input_file id="fl-f9">
         <path>C:\ti_texas_instrument_ccstudio\ccsv6\tools\compiler\arm_15.12.3.LTS\lib\</path>
         <kind>archive</kind>
         <file>rtsv7R4_A_be_v3D16_eabi.lib</file>
         <name>fclose.obj</name>
      </input_file>
      <input_file id="fl-fa">
         <path>C:\ti_texas_instrument_ccstudio\ccsv6\tools\compiler\arm_15.12.3.LTS\lib\</path>
         <kind>archive</kind>
         <file>rtsv7R4_A_be_v3D16_eabi.lib</file>
         <name>remove.obj</name>
      </input_file>
   </input_file_list>
   <object_component_list>
      <object_component id="oc-2d">
         <name>.intvecs</name>
         <load_address>0x0</load_address>
         <run_address>0x0</run_address>
         <size>0x20</size>
         <input_file_ref idref="fl-c"/>
      </object_component>
      <object_component id="oc-1c3">
         <name>.text</name>
         <load_address>0x20</load_address>
         <run_address>0x20</run_address>
         <size>0x1904</size>
         <input_file_ref idref="fl-e2"/>
      </object_component>
      <object_component id="oc-10c">
         <name>.text</name>
         <load_address>0x1924</load_address>
         <run_address>0x1924</run_address>
         <size>0xd44</size>
         <input_file_ref idref="fl-2"/>
      </object_component>
      <object_component id="oc-e0">
         <name>.text</name>
         <load_address>0x2668</load_address>
         <run_address>0x2668</run_address>
         <size>0x9c0</size>
         <input_file_ref idref="fl-9"/>
      </object_component>
      <object_component id="oc-71">
         <name>.text</name>
         <load_address>0x3028</load_address>
         <run_address>0x3028</run_address>
         <size>0x998</size>
         <input_file_ref idref="fl-15"/>
      </object_component>
      <object_component id="oc-3c">
         <name>.text</name>
         <load_address>0x39c0</load_address>
         <run_address>0x39c0</run_address>
         <size>0x938</size>
         <input_file_ref idref="fl-14"/>
      </object_component>
      <object_component id="oc-89">
         <name>.text</name>
         <load_address>0x42f8</load_address>
         <run_address>0x42f8</run_address>
         <size>0x7c4</size>
         <input_file_ref idref="fl-6"/>
      </object_component>
      <object_component id="oc-77">
         <name>.text</name>
         <load_address>0x4abc</load_address>
         <run_address>0x4abc</run_address>
         <size>0x664</size>
         <input_file_ref idref="fl-5"/>
      </object_component>
      <object_component id="oc-2f7">
         <name>.text</name>
         <load_address>0x5120</load_address>
         <run_address>0x5120</run_address>
         <size>0x63c</size>
         <input_file_ref idref="fl-f8"/>
      </object_component>
      <object_component id="oc-285">
         <name>.text</name>
         <load_address>0x575c</load_address>
         <run_address>0x575c</run_address>
         <size>0x550</size>
         <input_file_ref idref="fl-df"/>
      </object_component>
      <object_component id="oc-1ac">
         <name>.text</name>
         <load_address>0x5cac</load_address>
         <run_address>0x5cac</run_address>
         <size>0x548</size>
         <input_file_ref idref="fl-d7"/>
      </object_component>
      <object_component id="oc-6c">
         <name>.text</name>
         <load_address>0x61f4</load_address>
         <run_address>0x61f4</run_address>
         <size>0x3c4</size>
         <input_file_ref idref="fl-a"/>
      </object_component>
      <object_component id="oc-8f">
         <name>.text</name>
         <load_address>0x65b8</load_address>
         <run_address>0x65b8</run_address>
         <size>0x36c</size>
         <input_file_ref idref="fl-e"/>
      </object_component>
      <object_component id="oc-38">
         <name>.text:retain</name>
         <load_address>0x6924</load_address>
         <run_address>0x6924</run_address>
         <size>0x33c</size>
         <input_file_ref idref="fl-14"/>
      </object_component>
      <object_component id="oc-2fd">
         <name>.text</name>
         <load_address>0x6c60</load_address>
         <run_address>0x6c60</run_address>
         <size>0x2d4</size>
         <input_file_ref idref="fl-f7"/>
      </object_component>
      <object_component id="oc-239">
         <name>.text</name>
         <load_address>0x6f34</load_address>
         <run_address>0x6f34</run_address>
         <size>0x2b8</size>
         <input_file_ref idref="fl-ef"/>
      </object_component>
      <object_component id="oc-1bd">
         <name>.text</name>
         <load_address>0x71ec</load_address>
         <run_address>0x71ec</run_address>
         <size>0x1d4</size>
         <input_file_ref idref="fl-e6"/>
      </object_component>
      <object_component id="oc-47">
         <name>.text</name>
         <load_address>0x73c0</load_address>
         <run_address>0x73c0</run_address>
         <size>0x180</size>
         <input_file_ref idref="fl-d8"/>
      </object_component>
      <object_component id="oc-24">
         <name>.text:retain</name>
         <load_address>0x7540</load_address>
         <run_address>0x7540</run_address>
         <size>0x178</size>
         <input_file_ref idref="fl-6"/>
      </object_component>
      <object_component id="oc-29a">
         <name>.text</name>
         <load_address>0x76b8</load_address>
         <run_address>0x76b8</run_address>
         <size>0x158</size>
         <input_file_ref idref="fl-f6"/>
      </object_component>
      <object_component id="oc-9a">
         <name>.text</name>
         <load_address>0x7810</load_address>
         <run_address>0x7810</run_address>
         <size>0x140</size>
         <input_file_ref idref="fl-d"/>
      </object_component>
      <object_component id="oc-112">
         <name>.text</name>
         <load_address>0x7950</load_address>
         <run_address>0x7950</run_address>
         <size>0x130</size>
         <input_file_ref idref="fl-d6"/>
      </object_component>
      <object_component id="oc-24f">
         <name>.text</name>
         <load_address>0x7a80</load_address>
         <run_address>0x7a80</run_address>
         <size>0x11c</size>
         <input_file_ref idref="fl-eb"/>
      </object_component>
      <object_component id="oc-223">
         <name>.text</name>
         <load_address>0x7b9c</load_address>
         <run_address>0x7b9c</run_address>
         <size>0x118</size>
         <input_file_ref idref="fl-f0"/>
      </object_component>
      <object_component id="oc-1b7">
         <name>.text</name>
         <load_address>0x7cb4</load_address>
         <run_address>0x7cb4</run_address>
         <size>0x10c</size>
         <input_file_ref idref="fl-e5"/>
      </object_component>
      <object_component id="oc-333">
         <name>.text</name>
         <load_address>0x7dc0</load_address>
         <run_address>0x7dc0</run_address>
         <size>0xfc</size>
         <input_file_ref idref="fl-f9"/>
      </object_component>
      <object_component id="oc-1e">
         <name>.text:retain</name>
         <load_address>0x7ebc</load_address>
         <run_address>0x7ebc</run_address>
         <size>0xd8</size>
         <input_file_ref idref="fl-13"/>
      </object_component>
      <object_component id="oc-60">
         <name>.text</name>
         <load_address>0x7f94</load_address>
         <run_address>0x7f94</run_address>
         <size>0xb0</size>
         <input_file_ref idref="fl-d9"/>
      </object_component>
      <object_component id="oc-94">
         <name>.text</name>
         <load_address>0x8044</load_address>
         <run_address>0x8044</run_address>
         <size>0xa8</size>
         <input_file_ref idref="fl-cf"/>
      </object_component>
      <object_component id="oc-294">
         <name>.text</name>
         <load_address>0x80ec</load_address>
         <run_address>0x80ec</run_address>
         <size>0xa8</size>
         <input_file_ref idref="fl-f2"/>
      </object_component>
      <object_component id="oc-118">
         <name>.text</name>
         <load_address>0x8194</load_address>
         <run_address>0x8194</run_address>
         <size>0xa4</size>
         <input_file_ref idref="fl-da"/>
      </object_component>
      <object_component id="oc-2df">
         <name>.text</name>
         <load_address>0x8238</load_address>
         <run_address>0x8238</run_address>
         <size>0xa4</size>
         <input_file_ref idref="fl-e0"/>
      </object_component>
      <object_component id="oc-83">
         <name>.text</name>
         <load_address>0x82dc</load_address>
         <run_address>0x82dc</run_address>
         <size>0x9c</size>
         <input_file_ref idref="fl-8"/>
      </object_component>
      <object_component id="oc-53">
         <name>.text</name>
         <load_address>0x8378</load_address>
         <run_address>0x8378</run_address>
         <size>0x9c</size>
         <input_file_ref idref="fl-d1"/>
      </object_component>
      <object_component id="oc-a0">
         <name>.text</name>
         <load_address>0x8414</load_address>
         <run_address>0x8414</run_address>
         <size>0x90</size>
         <input_file_ref idref="fl-d5"/>
      </object_component>
      <object_component id="oc-249">
         <name>.text</name>
         <load_address>0x84a4</load_address>
         <run_address>0x84a4</run_address>
         <size>0x8c</size>
         <input_file_ref idref="fl-ea"/>
      </object_component>
      <object_component id="oc-25b">
         <name>.text</name>
         <load_address>0x8530</load_address>
         <run_address>0x8530</run_address>
         <size>0x84</size>
         <input_file_ref idref="fl-e3"/>
      </object_component>
      <object_component id="oc-fe">
         <name>.text</name>
         <load_address>0x85b4</load_address>
         <run_address>0x85b4</run_address>
         <size>0x84</size>
         <input_file_ref idref="fl-d3"/>
      </object_component>
      <object_component id="oc-243">
         <name>.text</name>
         <load_address>0x8638</load_address>
         <run_address>0x8638</run_address>
         <size>0x80</size>
         <input_file_ref idref="fl-e7"/>
      </object_component>
      <object_component id="oc-2b2">
         <name>.text</name>
         <load_address>0x86b8</load_address>
         <run_address>0x86b8</run_address>
         <size>0x54</size>
         <input_file_ref idref="fl-f4"/>
      </object_component>
      <object_component id="oc-23e">
         <name>.text</name>
         <load_address>0x870c</load_address>
         <run_address>0x870c</run_address>
         <size>0x50</size>
         <input_file_ref idref="fl-ee"/>
      </object_component>
      <object_component id="oc-209">
         <name>.text</name>
         <load_address>0x875c</load_address>
         <run_address>0x875c</run_address>
         <size>0x48</size>
         <input_file_ref idref="fl-de"/>
      </object_component>
      <object_component id="oc-255">
         <name>.text</name>
         <load_address>0x87a4</load_address>
         <run_address>0x87a4</run_address>
         <size>0x2c</size>
         <input_file_ref idref="fl-e8"/>
      </object_component>
      <object_component id="oc-231">
         <name>.text</name>
         <load_address>0x87d0</load_address>
         <run_address>0x87d0</run_address>
         <size>0x2c</size>
         <input_file_ref idref="fl-e9"/>
      </object_component>
      <object_component id="oc-203">
         <name>.text</name>
         <load_address>0x87fc</load_address>
         <run_address>0x87fc</run_address>
         <size>0x28</size>
         <input_file_ref idref="fl-dc"/>
      </object_component>
      <object_component id="oc-1fd">
         <name>.text</name>
         <load_address>0x8824</load_address>
         <run_address>0x8824</run_address>
         <size>0x28</size>
         <input_file_ref idref="fl-dd"/>
      </object_component>
      <object_component id="oc-1e1">
         <name>.text</name>
         <load_address>0x884c</load_address>
         <run_address>0x884c</run_address>
         <size>0x24</size>
         <input_file_ref idref="fl-e1"/>
      </object_component>
      <object_component id="oc-22b">
         <name>.text</name>
         <load_address>0x8870</load_address>
         <run_address>0x8870</run_address>
         <size>0x20</size>
         <input_file_ref idref="fl-ed"/>
      </object_component>
      <object_component id="oc-2c0">
         <name>.text</name>
         <load_address>0x8890</load_address>
         <run_address>0x8890</run_address>
         <size>0x1c</size>
         <input_file_ref idref="fl-f5"/>
      </object_component>
      <object_component id="oc-2e5">
         <name>.text</name>
         <load_address>0x88ac</load_address>
         <run_address>0x88ac</run_address>
         <size>0x18</size>
         <input_file_ref idref="fl-ec"/>
      </object_component>
      <object_component id="oc-c">
         <name>.text:decompress:none</name>
         <load_address>0x88c4</load_address>
         <run_address>0x88c4</run_address>
         <size>0x14</size>
         <input_file_ref idref="fl-d0"/>
      </object_component>
      <object_component id="oc-12">
         <name>.text:decompress:rle24</name>
         <load_address>0x88d8</load_address>
         <run_address>0x88d8</run_address>
         <size>0x8</size>
         <input_file_ref idref="fl-d1"/>
      </object_component>
      <object_component id="oc-7d">
         <name>.text</name>
         <load_address>0x88e0</load_address>
         <run_address>0x88e0</run_address>
         <size>0x4</size>
         <input_file_ref idref="fl-13"/>
      </object_component>
      <object_component id="oc-32">
         <name>.text:retain</name>
         <load_address>0x88e4</load_address>
         <run_address>0x88e4</run_address>
         <size>0x4</size>
         <input_file_ref idref="fl-10"/>
      </object_component>
      <object_component id="oc-2ab">
         <name>.text</name>
         <load_address>0x88e8</load_address>
         <run_address>0x88e8</run_address>
         <size>0x4</size>
         <input_file_ref idref="fl-f3"/>
      </object_component>
      <object_component id="oc-104">
         <name>.text</name>
         <load_address>0x88ec</load_address>
         <run_address>0x88ec</run_address>
         <size>0x4</size>
         <input_file_ref idref="fl-db"/>
      </object_component>
      <object_component id="oc-2a">
         <name>.const:s_vim_init</name>
         <load_address>0x8900</load_address>
         <run_address>0x8900</run_address>
         <size>0x200</size>
         <input_file_ref idref="fl-14"/>
      </object_component>
      <object_component id="oc-2cd">
         <name>.const:.string:_ctypes_</name>
         <load_address>0x8b00</load_address>
         <run_address>0x8b00</run_address>
         <size>0x101</size>
         <input_file_ref idref="fl-e4"/>
      </object_component>
      <object_component id="oc-1a3">
         <name>.const:s_canByteOrder</name>
         <load_address>0x8c04</load_address>
         <run_address>0x8c04</run_address>
         <size>0x20</size>
         <input_file_ref idref="fl-2"/>
      </object_component>
      <object_component id="oc-36e">
         <name>.cinit..data.load</name>
         <load_address>0x8c40</load_address>
         <run_address>0x8c40</run_address>
         <size>0x8a</size>
      </object_component>
      <object_component id="oc-36d">
         <name>.cinit..bss.load</name>
         <load_address>0x8cd0</load_address>
         <run_address>0x8cd0</run_address>
         <size>0xb</size>
      </object_component>
      <object_component id="oc-36b">
         <name>__TI_handler_table</name>
         <load_address>0x8cdc</load_address>
         <run_address>0x8cdc</run_address>
         <size>0x8</size>
      </object_component>
      <object_component id="oc-36c">
         <name>__TI_cinit_table</name>
         <load_address>0x8ce4</load_address>
         <run_address>0x8ce4</run_address>
         <size>0x10</size>
      </object_component>
      <object_component id="oc-2eb">
         <name>.bss:parmbuf</name>
         <uninitialized>true</uninitialized>
         <run_address>0x80020cc</run_address>
         <size>0x8</size>
         <input_file_ref idref="fl-df"/>
      </object_component>
      <object_component id="oc-322">
         <name>.bss:_CIOBUF_</name>
         <uninitialized>true</uninitialized>
         <run_address>0x8001f0c</run_address>
         <size>0x120</size>
         <input_file_ref idref="fl-e0"/>
      </object_component>
      <object_component id="oc-348">
         <name>.common:__TI_tmpnams</name>
         <uninitialized>true</uninitialized>
         <run_address>0x800202c</run_address>
         <size>0xa0</size>
      </object_component>
      <object_component id="oc-11e">
         <name>.data:tx_data</name>
         <load_address>0x8001ef1</load_address>
         <run_address>0x8001ef1</run_address>
         <size>0x9</size>
         <input_file_ref idref="fl-d"/>
      </object_component>
      <object_component id="oc-124">
         <name>.data:rx_data</name>
         <load_address>0x8001ee8</load_address>
         <run_address>0x8001ee8</run_address>
         <size>0x9</size>
         <input_file_ref idref="fl-d"/>
      </object_component>
      <object_component id="oc-121">
         <name>.data:_ftable</name>
         <load_address>0x8001d00</load_address>
         <run_address>0x8001d00</run_address>
         <size>0xf0</size>
         <input_file_ref idref="fl-d4"/>
      </object_component>
      <object_component id="oc-1b2">
         <name>.data</name>
         <load_address>0x8001ec0</load_address>
         <run_address>0x8001ec0</run_address>
         <size>0x10</size>
         <input_file_ref idref="fl-d4"/>
      </object_component>
      <object_component id="oc-129">
         <name>.data:$O1$$</name>
         <load_address>0x8001ed0</load_address>
         <run_address>0x8001ed0</run_address>
         <size>0xc</size>
         <input_file_ref idref="fl-d5"/>
      </object_component>
      <object_component id="oc-20f">
         <name>.data:$O1$$</name>
         <load_address>0x8001df0</load_address>
         <run_address>0x8001df0</run_address>
         <size>0xd0</size>
         <input_file_ref idref="fl-d7"/>
      </object_component>
      <object_component id="oc-12c">
         <name>.data:$O1$$</name>
         <load_address>0x8001efc</load_address>
         <run_address>0x8001efc</run_address>
         <size>0x8</size>
         <input_file_ref idref="fl-e1"/>
      </object_component>
      <object_component id="oc-2c6">
         <name>.data</name>
         <load_address>0x8001f04</load_address>
         <run_address>0x8001f04</run_address>
         <size>0x4</size>
         <input_file_ref idref="fl-f1"/>
      </object_component>
      <object_component id="oc-339">
         <name>.data</name>
         <load_address>0x8001f08</load_address>
         <run_address>0x8001f08</run_address>
         <size>0x4</size>
         <input_file_ref idref="fl-f7"/>
      </object_component>
      <object_component id="oc-32f">
         <name>.data:$O1$$</name>
         <load_address>0x8001edc</load_address>
         <run_address>0x8001edc</run_address>
         <size>0xc</size>
         <input_file_ref idref="fl-f8"/>
      </object_component>
      <object_component id="oc-44">
         <name>.sysmem</name>
         <uninitialized>true</uninitialized>
         <run_address>0x8001500</run_address>
         <size>0x8</size>
         <input_file_ref idref="fl-f8"/>
      </object_component>
      <object_component id="oc-36f">
         <name>.sysmem</name>
         <uninitialized>true</uninitialized>
         <run_address>0x8001500</run_address>
         <size>0x0</size>
      </object_component>
      <object_component id="oc-166">
         <name>.debug_info</name>
         <load_address>0x0</load_address>
         <run_address>0x0</run_address>
         <size>0x181</size>
         <input_file_ref idref="fl-2"/>
      </object_component>
      <object_component id="oc-1a4">
         <name>.debug_info</name>
         <load_address>0x181</load_address>
         <run_address>0x181</run_address>
         <size>0xe8</size>
         <input_file_ref idref="fl-2"/>
      </object_component>
      <object_component id="oc-10d">
         <name>.debug_info</name>
         <load_address>0x269</load_address>
         <run_address>0x269</run_address>
         <size>0x14fb</size>
         <input_file_ref idref="fl-2"/>
      </object_component>
      <object_component id="oc-ad">
         <name>.debug_info</name>
         <load_address>0x1764</load_address>
         <run_address>0x1764</run_address>
         <size>0x157</size>
         <input_file_ref idref="fl-2"/>
      </object_component>
      <object_component id="oc-137">
         <name>.debug_info</name>
         <load_address>0x18bb</load_address>
         <run_address>0x18bb</run_address>
         <size>0x8b</size>
         <input_file_ref idref="fl-2"/>
      </object_component>
      <object_component id="oc-b9">
         <name>.debug_info</name>
         <load_address>0x1946</load_address>
         <run_address>0x1946</run_address>
         <size>0x18c</size>
         <input_file_ref idref="fl-2"/>
      </object_component>
      <object_component id="oc-132">
         <name>.debug_info</name>
         <load_address>0x1ad2</load_address>
         <run_address>0x1ad2</run_address>
         <size>0x18b</size>
         <input_file_ref idref="fl-2"/>
      </object_component>
      <object_component id="oc-be">
         <name>.debug_info</name>
         <load_address>0x1c5d</load_address>
         <run_address>0x1c5d</run_address>
         <size>0x86</size>
         <input_file_ref idref="fl-2"/>
      </object_component>
      <object_component id="oc-188">
         <name>.debug_info</name>
         <load_address>0x1ce3</load_address>
         <run_address>0x1ce3</run_address>
         <size>0x49b</size>
         <input_file_ref idref="fl-2"/>
      </object_component>
      <object_component id="oc-1a7">
         <name>.debug_info</name>
         <load_address>0x217e</load_address>
         <run_address>0x217e</run_address>
         <size>0x15f</size>
         <input_file_ref idref="fl-2"/>
      </object_component>
      <object_component id="oc-15c">
         <name>.debug_info</name>
         <load_address>0x22dd</load_address>
         <run_address>0x22dd</run_address>
         <size>0x36d</size>
         <input_file_ref idref="fl-2"/>
      </object_component>
      <object_component id="oc-1ed">
         <name>.debug_info</name>
         <load_address>0x264a</load_address>
         <run_address>0x264a</run_address>
         <size>0x1d8</size>
         <input_file_ref idref="fl-3"/>
      </object_component>
      <object_component id="oc-a7">
         <name>.debug_info</name>
         <load_address>0x2822</load_address>
         <run_address>0x2822</run_address>
         <size>0x429</size>
         <input_file_ref idref="fl-3"/>
      </object_component>
      <object_component id="oc-13e">
         <name>.debug_info</name>
         <load_address>0x2c4b</load_address>
         <run_address>0x2c4b</run_address>
         <size>0x102</size>
         <input_file_ref idref="fl-3"/>
      </object_component>
      <object_component id="oc-18d">
         <name>.debug_info</name>
         <load_address>0x2d4d</load_address>
         <run_address>0x2d4d</run_address>
         <size>0x142</size>
         <input_file_ref idref="fl-3"/>
      </object_component>
      <object_component id="oc-143">
         <name>.debug_info</name>
         <load_address>0x2e8f</load_address>
         <run_address>0x2e8f</run_address>
         <size>0x285</size>
         <input_file_ref idref="fl-3"/>
      </object_component>
      <object_component id="oc-148">
         <name>.debug_info</name>
         <load_address>0x3114</load_address>
         <run_address>0x3114</run_address>
         <size>0x44a</size>
         <input_file_ref idref="fl-3"/>
      </object_component>
      <object_component id="oc-14d">
         <name>.debug_info</name>
         <load_address>0x355e</load_address>
         <run_address>0x355e</run_address>
         <size>0x1f9</size>
         <input_file_ref idref="fl-3"/>
      </object_component>
      <object_component id="oc-152">
         <name>.debug_info</name>
         <load_address>0x3757</load_address>
         <run_address>0x3757</run_address>
         <size>0x152</size>
         <input_file_ref idref="fl-3"/>
      </object_component>
      <object_component id="oc-157">
         <name>.debug_info</name>
         <load_address>0x38a9</load_address>
         <run_address>0x38a9</run_address>
         <size>0x70a</size>
         <input_file_ref idref="fl-3"/>
      </object_component>
      <object_component id="oc-180">
         <name>.debug_info</name>
         <load_address>0x3fb3</load_address>
         <run_address>0x3fb3</run_address>
         <size>0x124</size>
         <input_file_ref idref="fl-5"/>
      </object_component>
      <object_component id="oc-78">
         <name>.debug_info</name>
         <load_address>0x40d7</load_address>
         <run_address>0x40d7</run_address>
         <size>0x65d</size>
         <input_file_ref idref="fl-5"/>
      </object_component>
      <object_component id="oc-cf">
         <name>.debug_info</name>
         <load_address>0x4734</load_address>
         <run_address>0x4734</run_address>
         <size>0x84</size>
         <input_file_ref idref="fl-5"/>
      </object_component>
      <object_component id="oc-e9">
         <name>.debug_info</name>
         <load_address>0x47b8</load_address>
         <run_address>0x47b8</run_address>
         <size>0x9e7</size>
         <input_file_ref idref="fl-5"/>
      </object_component>
      <object_component id="oc-fc">
         <name>.debug_info</name>
         <load_address>0x519f</load_address>
         <run_address>0x519f</run_address>
         <size>0x1a4</size>
         <input_file_ref idref="fl-6"/>
      </object_component>
      <object_component id="oc-8c">
         <name>.debug_info</name>
         <load_address>0x5343</load_address>
         <run_address>0x5343</run_address>
         <size>0x10c5</size>
         <input_file_ref idref="fl-6"/>
      </object_component>
      <object_component id="oc-27">
         <name>.debug_info</name>
         <load_address>0x6408</load_address>
         <run_address>0x6408</run_address>
         <size>0x1ad</size>
         <input_file_ref idref="fl-6"/>
      </object_component>
      <object_component id="oc-f7">
         <name>.debug_info</name>
         <load_address>0x65b5</load_address>
         <run_address>0x65b5</run_address>
         <size>0x168</size>
         <input_file_ref idref="fl-6"/>
      </object_component>
      <object_component id="oc-f0">
         <name>.debug_info</name>
         <load_address>0x671d</load_address>
         <run_address>0x671d</run_address>
         <size>0x1f7</size>
         <input_file_ref idref="fl-8"/>
      </object_component>
      <object_component id="oc-84">
         <name>.debug_info</name>
         <load_address>0x6914</load_address>
         <run_address>0x6914</run_address>
         <size>0x81b</size>
         <input_file_ref idref="fl-8"/>
      </object_component>
      <object_component id="oc-183">
         <name>.debug_info</name>
         <load_address>0x712f</load_address>
         <run_address>0x712f</run_address>
         <size>0xadd</size>
         <input_file_ref idref="fl-8"/>
      </object_component>
      <object_component id="oc-f1">
         <name>.debug_info</name>
         <load_address>0x7c0c</load_address>
         <run_address>0x7c0c</run_address>
         <size>0x6eb</size>
         <input_file_ref idref="fl-8"/>
      </object_component>
      <object_component id="oc-1f1">
         <name>.debug_info</name>
         <load_address>0x82f7</load_address>
         <run_address>0x82f7</run_address>
         <size>0x10b</size>
         <input_file_ref idref="fl-9"/>
      </object_component>
      <object_component id="oc-e2">
         <name>.debug_info</name>
         <load_address>0x8402</load_address>
         <run_address>0x8402</run_address>
         <size>0x121</size>
         <input_file_ref idref="fl-9"/>
      </object_component>
      <object_component id="oc-17b">
         <name>.debug_info</name>
         <load_address>0x8523</load_address>
         <run_address>0x8523</run_address>
         <size>0x199</size>
         <input_file_ref idref="fl-9"/>
      </object_component>
      <object_component id="oc-6d">
         <name>.debug_info</name>
         <load_address>0x86bc</load_address>
         <run_address>0x86bc</run_address>
         <size>0x817</size>
         <input_file_ref idref="fl-a"/>
      </object_component>
      <object_component id="oc-2f">
         <name>.debug_info</name>
         <load_address>0x8ed3</load_address>
         <run_address>0x8ed3</run_address>
         <size>0x10d</size>
         <input_file_ref idref="fl-c"/>
      </object_component>
      <object_component id="oc-128">
         <name>.debug_info</name>
         <load_address>0x8fe0</load_address>
         <run_address>0x8fe0</run_address>
         <size>0x315</size>
         <input_file_ref idref="fl-d"/>
      </object_component>
      <object_component id="oc-11f">
         <name>.debug_info</name>
         <load_address>0x92f5</load_address>
         <run_address>0x92f5</run_address>
         <size>0xe0</size>
         <input_file_ref idref="fl-d"/>
      </object_component>
      <object_component id="oc-125">
         <name>.debug_info</name>
         <load_address>0x93d5</load_address>
         <run_address>0x93d5</run_address>
         <size>0xe0</size>
         <input_file_ref idref="fl-d"/>
      </object_component>
      <object_component id="oc-9b">
         <name>.debug_info</name>
         <load_address>0x94b5</load_address>
         <run_address>0x94b5</run_address>
         <size>0x2f7</size>
         <input_file_ref idref="fl-d"/>
      </object_component>
      <object_component id="oc-1da">
         <name>.debug_info</name>
         <load_address>0x97ac</load_address>
         <run_address>0x97ac</run_address>
         <size>0xc8</size>
         <input_file_ref idref="fl-d"/>
      </object_component>
      <object_component id="oc-1cb">
         <name>.debug_info</name>
         <load_address>0x9874</load_address>
         <run_address>0x9874</run_address>
         <size>0x4e</size>
         <input_file_ref idref="fl-d"/>
      </object_component>
      <object_component id="oc-92">
         <name>.debug_info</name>
         <load_address>0x98c2</load_address>
         <run_address>0x98c2</run_address>
         <size>0x444</size>
         <input_file_ref idref="fl-e"/>
      </object_component>
      <object_component id="oc-1f0">
         <name>.debug_info</name>
         <load_address>0x9d06</load_address>
         <run_address>0x9d06</run_address>
         <size>0x14c</size>
         <input_file_ref idref="fl-f"/>
      </object_component>
      <object_component id="oc-176">
         <name>.debug_info</name>
         <load_address>0x9e52</load_address>
         <run_address>0x9e52</run_address>
         <size>0x457</size>
         <input_file_ref idref="fl-f"/>
      </object_component>
      <object_component id="oc-34">
         <name>.debug_info</name>
         <load_address>0xa2a9</load_address>
         <run_address>0xa2a9</run_address>
         <size>0x142</size>
         <input_file_ref idref="fl-10"/>
      </object_component>
      <object_component id="oc-1f">
         <name>.debug_info</name>
         <load_address>0xa3eb</load_address>
         <run_address>0xa3eb</run_address>
         <size>0x2e2</size>
         <input_file_ref idref="fl-13"/>
      </object_component>
      <object_component id="oc-7e">
         <name>.debug_info</name>
         <load_address>0xa6cd</load_address>
         <run_address>0xa6cd</run_address>
         <size>0x13b</size>
         <input_file_ref idref="fl-13"/>
      </object_component>
      <object_component id="oc-b4">
         <name>.debug_info</name>
         <load_address>0xa808</load_address>
         <run_address>0xa808</run_address>
         <size>0x2a7</size>
         <input_file_ref idref="fl-14"/>
      </object_component>
      <object_component id="oc-2b">
         <name>.debug_info</name>
         <load_address>0xaaaf</load_address>
         <run_address>0xaaaf</run_address>
         <size>0xe4</size>
         <input_file_ref idref="fl-14"/>
      </object_component>
      <object_component id="oc-3e">
         <name>.debug_info</name>
         <load_address>0xab93</load_address>
         <run_address>0xab93</run_address>
         <size>0x494</size>
         <input_file_ref idref="fl-14"/>
      </object_component>
      <object_component id="oc-3a">
         <name>.debug_info</name>
         <load_address>0xb027</load_address>
         <run_address>0xb027</run_address>
         <size>0x1ff</size>
         <input_file_ref idref="fl-14"/>
      </object_component>
      <object_component id="oc-161">
         <name>.debug_info</name>
         <load_address>0xb226</load_address>
         <run_address>0xb226</run_address>
         <size>0x4f</size>
         <input_file_ref idref="fl-14"/>
      </object_component>
      <object_component id="oc-e7">
         <name>.debug_info</name>
         <load_address>0xb275</load_address>
         <run_address>0xb275</run_address>
         <size>0x23a</size>
         <input_file_ref idref="fl-15"/>
      </object_component>
      <object_component id="oc-72">
         <name>.debug_info</name>
         <load_address>0xb4af</load_address>
         <run_address>0xb4af</run_address>
         <size>0x641</size>
         <input_file_ref idref="fl-15"/>
      </object_component>
      <object_component id="oc-10b">
         <name>.debug_info</name>
         <load_address>0xbaf0</load_address>
         <run_address>0xbaf0</run_address>
         <size>0x2c0</size>
         <input_file_ref idref="fl-cf"/>
      </object_component>
      <object_component id="oc-98">
         <name>.debug_info</name>
         <load_address>0xbdb0</load_address>
         <run_address>0xbdb0</run_address>
         <size>0x167</size>
         <input_file_ref idref="fl-cf"/>
      </object_component>
      <object_component id="oc-199">
         <name>.debug_info</name>
         <load_address>0xbf17</load_address>
         <run_address>0xbf17</run_address>
         <size>0x39</size>
         <input_file_ref idref="fl-cf"/>
      </object_component>
      <object_component id="oc-19e">
         <name>.debug_info</name>
         <load_address>0xbf50</load_address>
         <run_address>0xbf50</run_address>
         <size>0xcd</size>
         <input_file_ref idref="fl-cf"/>
      </object_component>
      <object_component id="oc-52">
         <name>.debug_info</name>
         <load_address>0xc01d</load_address>
         <run_address>0xc01d</run_address>
         <size>0x112</size>
         <input_file_ref idref="fl-d0"/>
      </object_component>
      <object_component id="oc-d">
         <name>.debug_info</name>
         <load_address>0xc12f</load_address>
         <run_address>0xc12f</run_address>
         <size>0x1a1</size>
         <input_file_ref idref="fl-d0"/>
      </object_component>
      <object_component id="oc-4d">
         <name>.debug_info</name>
         <load_address>0xc2d0</load_address>
         <run_address>0xc2d0</run_address>
         <size>0x46</size>
         <input_file_ref idref="fl-d0"/>
      </object_component>
      <object_component id="oc-c8">
         <name>.debug_info</name>
         <load_address>0xc316</load_address>
         <run_address>0xc316</run_address>
         <size>0x2c</size>
         <input_file_ref idref="fl-d0"/>
      </object_component>
      <object_component id="oc-5a">
         <name>.debug_info</name>
         <load_address>0xc342</load_address>
         <run_address>0xc342</run_address>
         <size>0x10b</size>
         <input_file_ref idref="fl-d1"/>
      </object_component>
      <object_component id="oc-54">
         <name>.debug_info</name>
         <load_address>0xc44d</load_address>
         <run_address>0xc44d</run_address>
         <size>0x21e</size>
         <input_file_ref idref="fl-d1"/>
      </object_component>
      <object_component id="oc-13">
         <name>.debug_info</name>
         <load_address>0xc66b</load_address>
         <run_address>0xc66b</run_address>
         <size>0x188</size>
         <input_file_ref idref="fl-d1"/>
      </object_component>
      <object_component id="oc-5b">
         <name>.debug_info</name>
         <load_address>0xc7f3</load_address>
         <run_address>0xc7f3</run_address>
         <size>0x39</size>
         <input_file_ref idref="fl-d1"/>
      </object_component>
      <object_component id="oc-d7">
         <name>.debug_info</name>
         <load_address>0xc82c</load_address>
         <run_address>0xc82c</run_address>
         <size>0x2c</size>
         <input_file_ref idref="fl-d1"/>
      </object_component>
      <object_component id="oc-195">
         <name>.debug_info</name>
         <load_address>0xc858</load_address>
         <run_address>0xc858</run_address>
         <size>0x1b7</size>
         <input_file_ref idref="fl-d3"/>
      </object_component>
      <object_component id="oc-ff">
         <name>.debug_info</name>
         <load_address>0xca0f</load_address>
         <run_address>0xca0f</run_address>
         <size>0x15a</size>
         <input_file_ref idref="fl-d3"/>
      </object_component>
      <object_component id="oc-1f6">
         <name>.debug_info</name>
         <load_address>0xcb69</load_address>
         <run_address>0xcb69</run_address>
         <size>0x2c</size>
         <input_file_ref idref="fl-d3"/>
      </object_component>
      <object_component id="oc-1d4">
         <name>.debug_info</name>
         <load_address>0xcb95</load_address>
         <run_address>0xcb95</run_address>
         <size>0x110</size>
         <input_file_ref idref="fl-d4"/>
      </object_component>
      <object_component id="oc-122">
         <name>.debug_info</name>
         <load_address>0xcca5</load_address>
         <run_address>0xcca5</run_address>
         <size>0xce</size>
         <input_file_ref idref="fl-d4"/>
      </object_component>
      <object_component id="oc-1b3">
         <name>.debug_info</name>
         <load_address>0xcd73</load_address>
         <run_address>0xcd73</run_address>
         <size>0x15b</size>
         <input_file_ref idref="fl-d4"/>
      </object_component>
      <object_component id="oc-21e">
         <name>.debug_info</name>
         <load_address>0xcece</load_address>
         <run_address>0xcece</run_address>
         <size>0xae</size>
         <input_file_ref idref="fl-d4"/>
      </object_component>
      <object_component id="oc-130">
         <name>.debug_info</name>
         <load_address>0xcf7c</load_address>
         <run_address>0xcf7c</run_address>
         <size>0x20b</size>
         <input_file_ref idref="fl-d5"/>
      </object_component>
      <object_component id="oc-12a">
         <name>.debug_info</name>
         <load_address>0xd187</load_address>
         <run_address>0xd187</run_address>
         <size>0x15c</size>
         <input_file_ref idref="fl-d5"/>
      </object_component>
      <object_component id="oc-a1">
         <name>.debug_info</name>
         <load_address>0xd2e3</load_address>
         <run_address>0xd2e3</run_address>
         <size>0x1eb</size>
         <input_file_ref idref="fl-d5"/>
      </object_component>
      <object_component id="oc-1b6">
         <name>.debug_info</name>
         <load_address>0xd4ce</load_address>
         <run_address>0xd4ce</run_address>
         <size>0x179</size>
         <input_file_ref idref="fl-d6"/>
      </object_component>
      <object_component id="oc-113">
         <name>.debug_info</name>
         <load_address>0xd647</load_address>
         <run_address>0xd647</run_address>
         <size>0x231</size>
         <input_file_ref idref="fl-d6"/>
      </object_component>
      <object_component id="oc-213">
         <name>.debug_info</name>
         <load_address>0xd878</load_address>
         <run_address>0xd878</run_address>
         <size>0x477</size>
         <input_file_ref idref="fl-d7"/>
      </object_component>
      <object_component id="oc-210">
         <name>.debug_info</name>
         <load_address>0xdcef</load_address>
         <run_address>0xdcef</run_address>
         <size>0xed</size>
         <input_file_ref idref="fl-d7"/>
      </object_component>
      <object_component id="oc-1ad">
         <name>.debug_info</name>
         <load_address>0xdddc</load_address>
         <run_address>0xdddc</run_address>
         <size>0xae2</size>
         <input_file_ref idref="fl-d7"/>
      </object_component>
      <object_component id="oc-28f">
         <name>.debug_info</name>
         <load_address>0xe8be</load_address>
         <run_address>0xe8be</run_address>
         <size>0x120</size>
         <input_file_ref idref="fl-d7"/>
      </object_component>
      <object_component id="oc-268">
         <name>.debug_info</name>
         <load_address>0xe9de</load_address>
         <run_address>0xe9de</run_address>
         <size>0x2c</size>
         <input_file_ref idref="fl-d7"/>
      </object_component>
      <object_component id="oc-215">
         <name>.debug_info</name>
         <load_address>0xea0a</load_address>
         <run_address>0xea0a</run_address>
         <size>0x2c</size>
         <input_file_ref idref="fl-d7"/>
      </object_component>
      <object_component id="oc-48">
         <name>.debug_info</name>
         <load_address>0xea36</load_address>
         <run_address>0xea36</run_address>
         <size>0x153</size>
         <input_file_ref idref="fl-d8"/>
      </object_component>
      <object_component id="oc-63">
         <name>.debug_info</name>
         <load_address>0xeb89</load_address>
         <run_address>0xeb89</run_address>
         <size>0x11b</size>
         <input_file_ref idref="fl-d9"/>
      </object_component>
      <object_component id="oc-1ca">
         <name>.debug_info</name>
         <load_address>0xeca4</load_address>
         <run_address>0xeca4</run_address>
         <size>0x203</size>
         <input_file_ref idref="fl-da"/>
      </object_component>
      <object_component id="oc-11c">
         <name>.debug_info</name>
         <load_address>0xeea7</load_address>
         <run_address>0xeea7</run_address>
         <size>0x25b</size>
         <input_file_ref idref="fl-da"/>
      </object_component>
      <object_component id="oc-107">
         <name>.debug_info</name>
         <load_address>0xf102</load_address>
         <run_address>0xf102</run_address>
         <size>0x11c</size>
         <input_file_ref idref="fl-db"/>
      </object_component>
      <object_component id="oc-282">
         <name>.debug_info</name>
         <load_address>0xf21e</load_address>
         <run_address>0xf21e</run_address>
         <size>0xcc</size>
         <input_file_ref idref="fl-dc"/>
      </object_component>
      <object_component id="oc-204">
         <name>.debug_info</name>
         <load_address>0xf2ea</load_address>
         <run_address>0xf2ea</run_address>
         <size>0x1cb</size>
         <input_file_ref idref="fl-dc"/>
      </object_component>
      <object_component id="oc-280">
         <name>.debug_info</name>
         <load_address>0xf4b5</load_address>
         <run_address>0xf4b5</run_address>
         <size>0xbc</size>
         <input_file_ref idref="fl-dd"/>
      </object_component>
      <object_component id="oc-201">
         <name>.debug_info</name>
         <load_address>0xf571</load_address>
         <run_address>0xf571</run_address>
         <size>0x1df</size>
         <input_file_ref idref="fl-dd"/>
      </object_component>
      <object_component id="oc-284">
         <name>.debug_info</name>
         <load_address>0xf750</load_address>
         <run_address>0xf750</run_address>
         <size>0xcd</size>
         <input_file_ref idref="fl-de"/>
      </object_component>
      <object_component id="oc-20b">
         <name>.debug_info</name>
         <load_address>0xf81d</load_address>
         <run_address>0xf81d</run_address>
         <size>0x1e0</size>
         <input_file_ref idref="fl-de"/>
      </object_component>
      <object_component id="oc-2ef">
         <name>.debug_info</name>
         <load_address>0xf9fd</load_address>
         <run_address>0xf9fd</run_address>
         <size>0x226</size>
         <input_file_ref idref="fl-df"/>
      </object_component>
      <object_component id="oc-2ec">
         <name>.debug_info</name>
         <load_address>0xfc23</load_address>
         <run_address>0xfc23</run_address>
         <size>0xcf</size>
         <input_file_ref idref="fl-df"/>
      </object_component>
      <object_component id="oc-286">
         <name>.debug_info</name>
         <load_address>0xfcf2</load_address>
         <run_address>0xfcf2</run_address>
         <size>0xa41</size>
         <input_file_ref idref="fl-df"/>
      </object_component>
      <object_component id="oc-2f0">
         <name>.debug_info</name>
         <load_address>0x10733</load_address>
         <run_address>0x10733</run_address>
         <size>0x53</size>
         <input_file_ref idref="fl-df"/>
      </object_component>
      <object_component id="oc-326">
         <name>.debug_info</name>
         <load_address>0x10786</load_address>
         <run_address>0x10786</run_address>
         <size>0xed</size>
         <input_file_ref idref="fl-e0"/>
      </object_component>
      <object_component id="oc-323">
         <name>.debug_info</name>
         <load_address>0x10873</load_address>
         <run_address>0x10873</run_address>
         <size>0xd4</size>
         <input_file_ref idref="fl-e0"/>
      </object_component>
      <object_component id="oc-2e0">
         <name>.debug_info</name>
         <load_address>0x10947</load_address>
         <run_address>0x10947</run_address>
         <size>0x258</size>
         <input_file_ref idref="fl-e0"/>
      </object_component>
      <object_component id="oc-1e9">
         <name>.debug_info</name>
         <load_address>0x10b9f</load_address>
         <run_address>0x10b9f</run_address>
         <size>0xfb</size>
         <input_file_ref idref="fl-e1"/>
      </object_component>
      <object_component id="oc-12d">
         <name>.debug_info</name>
         <load_address>0x10c9a</load_address>
         <run_address>0x10c9a</run_address>
         <size>0xea</size>
         <input_file_ref idref="fl-e1"/>
      </object_component>
      <object_component id="oc-1e2">
         <name>.debug_info</name>
         <load_address>0x10d84</load_address>
         <run_address>0x10d84</run_address>
         <size>0x1f6</size>
         <input_file_ref idref="fl-e1"/>
      </object_component>
      <object_component id="oc-262">
         <name>.debug_info</name>
         <load_address>0x10f7a</load_address>
         <run_address>0x10f7a</run_address>
         <size>0x3c2</size>
         <input_file_ref idref="fl-e2"/>
      </object_component>
      <object_component id="oc-1c7">
         <name>.debug_info</name>
         <load_address>0x1133c</load_address>
         <run_address>0x1133c</run_address>
         <size>0x13f3</size>
         <input_file_ref idref="fl-e2"/>
      </object_component>
      <object_component id="oc-263">
         <name>.debug_info</name>
         <load_address>0x1272f</load_address>
         <run_address>0x1272f</run_address>
         <size>0x86</size>
         <input_file_ref idref="fl-e2"/>
      </object_component>
      <object_component id="oc-2d4">
         <name>.debug_info</name>
         <load_address>0x127b5</load_address>
         <run_address>0x127b5</run_address>
         <size>0x46</size>
         <input_file_ref idref="fl-e2"/>
      </object_component>
      <object_component id="oc-26d">
         <name>.debug_info</name>
         <load_address>0x127fb</load_address>
         <run_address>0x127fb</run_address>
         <size>0x39</size>
         <input_file_ref idref="fl-e2"/>
      </object_component>
      <object_component id="oc-2d1">
         <name>.debug_info</name>
         <load_address>0x12834</load_address>
         <run_address>0x12834</run_address>
         <size>0xeb</size>
         <input_file_ref idref="fl-e3"/>
      </object_component>
      <object_component id="oc-25f">
         <name>.debug_info</name>
         <load_address>0x1291f</load_address>
         <run_address>0x1291f</run_address>
         <size>0x148</size>
         <input_file_ref idref="fl-e3"/>
      </object_component>
      <object_component id="oc-31f">
         <name>.debug_info</name>
         <load_address>0x12a67</load_address>
         <run_address>0x12a67</run_address>
         <size>0xc5</size>
         <input_file_ref idref="fl-e4"/>
      </object_component>
      <object_component id="oc-2ce">
         <name>.debug_info</name>
         <load_address>0x12b2c</load_address>
         <run_address>0x12b2c</run_address>
         <size>0xd1</size>
         <input_file_ref idref="fl-e4"/>
      </object_component>
      <object_component id="oc-22a">
         <name>.debug_info</name>
         <load_address>0x12bfd</load_address>
         <run_address>0x12bfd</run_address>
         <size>0x1b5</size>
         <input_file_ref idref="fl-e5"/>
      </object_component>
      <object_component id="oc-1b9">
         <name>.debug_info</name>
         <load_address>0x12db2</load_address>
         <run_address>0x12db2</run_address>
         <size>0x21d</size>
         <input_file_ref idref="fl-e5"/>
      </object_component>
      <object_component id="oc-238">
         <name>.debug_info</name>
         <load_address>0x12fcf</load_address>
         <run_address>0x12fcf</run_address>
         <size>0x279</size>
         <input_file_ref idref="fl-e6"/>
      </object_component>
      <object_component id="oc-1c1">
         <name>.debug_info</name>
         <load_address>0x13248</load_address>
         <run_address>0x13248</run_address>
         <size>0x329</size>
         <input_file_ref idref="fl-e6"/>
      </object_component>
      <object_component id="oc-2b8">
         <name>.debug_info</name>
         <load_address>0x13571</load_address>
         <run_address>0x13571</run_address>
         <size>0x123</size>
         <input_file_ref idref="fl-e7"/>
      </object_component>
      <object_component id="oc-245">
         <name>.debug_info</name>
         <load_address>0x13694</load_address>
         <run_address>0x13694</run_address>
         <size>0x1b1</size>
         <input_file_ref idref="fl-e7"/>
      </object_component>
      <object_component id="oc-2cc">
         <name>.debug_info</name>
         <load_address>0x13845</load_address>
         <run_address>0x13845</run_address>
         <size>0xc8</size>
         <input_file_ref idref="fl-e8"/>
      </object_component>
      <object_component id="oc-256">
         <name>.debug_info</name>
         <load_address>0x1390d</load_address>
         <run_address>0x1390d</run_address>
         <size>0x182</size>
         <input_file_ref idref="fl-e8"/>
      </object_component>
      <object_component id="oc-2a7">
         <name>.debug_info</name>
         <load_address>0x13a8f</load_address>
         <run_address>0x13a8f</run_address>
         <size>0xd7</size>
         <input_file_ref idref="fl-e9"/>
      </object_component>
      <object_component id="oc-232">
         <name>.debug_info</name>
         <load_address>0x13b66</load_address>
         <run_address>0x13b66</run_address>
         <size>0x1c9</size>
         <input_file_ref idref="fl-e9"/>
      </object_component>
      <object_component id="oc-2ba">
         <name>.debug_info</name>
         <load_address>0x13d2f</load_address>
         <run_address>0x13d2f</run_address>
         <size>0x171</size>
         <input_file_ref idref="fl-ea"/>
      </object_component>
      <object_component id="oc-24d">
         <name>.debug_info</name>
         <load_address>0x13ea0</load_address>
         <run_address>0x13ea0</run_address>
         <size>0x15a</size>
         <input_file_ref idref="fl-ea"/>
      </object_component>
      <object_component id="oc-2bb">
         <name>.debug_info</name>
         <load_address>0x13ffa</load_address>
         <run_address>0x13ffa</run_address>
         <size>0x2c</size>
         <input_file_ref idref="fl-ea"/>
      </object_component>
      <object_component id="oc-2ca">
         <name>.debug_info</name>
         <load_address>0x14026</load_address>
         <run_address>0x14026</run_address>
         <size>0x1ae</size>
         <input_file_ref idref="fl-eb"/>
      </object_component>
      <object_component id="oc-252">
         <name>.debug_info</name>
         <load_address>0x141d4</load_address>
         <run_address>0x141d4</run_address>
         <size>0x17b</size>
         <input_file_ref idref="fl-eb"/>
      </object_component>
      <object_component id="oc-328">
         <name>.debug_info</name>
         <load_address>0x1434f</load_address>
         <run_address>0x1434f</run_address>
         <size>0xc7</size>
         <input_file_ref idref="fl-ec"/>
      </object_component>
      <object_component id="oc-2e6">
         <name>.debug_info</name>
         <load_address>0x14416</load_address>
         <run_address>0x14416</run_address>
         <size>0x1b8</size>
         <input_file_ref idref="fl-ec"/>
      </object_component>
      <object_component id="oc-2a5">
         <name>.debug_info</name>
         <load_address>0x145ce</load_address>
         <run_address>0x145ce</run_address>
         <size>0xc1</size>
         <input_file_ref idref="fl-ed"/>
      </object_component>
      <object_component id="oc-22c">
         <name>.debug_info</name>
         <load_address>0x1468f</load_address>
         <run_address>0x1468f</run_address>
         <size>0x1b1</size>
         <input_file_ref idref="fl-ed"/>
      </object_component>
      <object_component id="oc-241">
         <name>.debug_info</name>
         <load_address>0x14840</load_address>
         <run_address>0x14840</run_address>
         <size>0x120</size>
         <input_file_ref idref="fl-ee"/>
      </object_component>
      <object_component id="oc-23a">
         <name>.debug_info</name>
         <load_address>0x14960</load_address>
         <run_address>0x14960</run_address>
         <size>0x159</size>
         <input_file_ref idref="fl-ef"/>
      </object_component>
      <object_component id="oc-2a1">
         <name>.debug_info</name>
         <load_address>0x14ab9</load_address>
         <run_address>0x14ab9</run_address>
         <size>0x128</size>
         <input_file_ref idref="fl-f0"/>
      </object_component>
      <object_component id="oc-226">
         <name>.debug_info</name>
         <load_address>0x14be1</load_address>
         <run_address>0x14be1</run_address>
         <size>0x207</size>
         <input_file_ref idref="fl-f0"/>
      </object_component>
      <object_component id="oc-305">
         <name>.debug_info</name>
         <load_address>0x14de8</load_address>
         <run_address>0x14de8</run_address>
         <size>0xbb</size>
         <input_file_ref idref="fl-f0"/>
      </object_component>
      <object_component id="oc-2c7">
         <name>.debug_info</name>
         <load_address>0x14ea3</load_address>
         <run_address>0x14ea3</run_address>
         <size>0xca</size>
         <input_file_ref idref="fl-f1"/>
      </object_component>
      <object_component id="oc-2f6">
         <name>.debug_info</name>
         <load_address>0x14f6d</load_address>
         <run_address>0x14f6d</run_address>
         <size>0x156</size>
         <input_file_ref idref="fl-f2"/>
      </object_component>
      <object_component id="oc-295">
         <name>.debug_info</name>
         <load_address>0x150c3</load_address>
         <run_address>0x150c3</run_address>
         <size>0x1b8</size>
         <input_file_ref idref="fl-f2"/>
      </object_component>
      <object_component id="oc-2ae">
         <name>.debug_info</name>
         <load_address>0x1527b</load_address>
         <run_address>0x1527b</run_address>
         <size>0x11e</size>
         <input_file_ref idref="fl-f3"/>
      </object_component>
      <object_component id="oc-2b3">
         <name>.debug_info</name>
         <load_address>0x15399</load_address>
         <run_address>0x15399</run_address>
         <size>0x11e</size>
         <input_file_ref idref="fl-f4"/>
      </object_component>
      <object_component id="oc-2c1">
         <name>.debug_info</name>
         <load_address>0x154b7</load_address>
         <run_address>0x154b7</run_address>
         <size>0x12d</size>
         <input_file_ref idref="fl-f5"/>
      </object_component>
      <object_component id="oc-304">
         <name>.debug_info</name>
         <load_address>0x155e4</load_address>
         <run_address>0x155e4</run_address>
         <size>0x197</size>
         <input_file_ref idref="fl-f6"/>
      </object_component>
      <object_component id="oc-29e">
         <name>.debug_info</name>
         <load_address>0x1577b</load_address>
         <run_address>0x1577b</run_address>
         <size>0x1d7</size>
         <input_file_ref idref="fl-f6"/>
      </object_component>
      <object_component id="oc-33b">
         <name>.debug_info</name>
         <load_address>0x15952</load_address>
         <run_address>0x15952</run_address>
         <size>0x213</size>
         <input_file_ref idref="fl-f7"/>
      </object_component>
      <object_component id="oc-301">
         <name>.debug_info</name>
         <load_address>0x15b65</load_address>
         <run_address>0x15b65</run_address>
         <size>0x417</size>
         <input_file_ref idref="fl-f7"/>
      </object_component>
      <object_component id="oc-169">
         <name>.debug_info</name>
         <load_address>0x15f7c</load_address>
         <run_address>0x15f7c</run_address>
         <size>0x2c</size>
         <input_file_ref idref="fl-f7"/>
      </object_component>
      <object_component id="oc-c5">
         <name>.debug_info</name>
         <load_address>0x15fa8</load_address>
         <run_address>0x15fa8</run_address>
         <size>0x1f9</size>
         <input_file_ref idref="fl-f8"/>
      </object_component>
      <object_component id="oc-45">
         <name>.debug_info</name>
         <load_address>0x161a1</load_address>
         <run_address>0x161a1</run_address>
         <size>0xd8</size>
         <input_file_ref idref="fl-f8"/>
      </object_component>
      <object_component id="oc-330">
         <name>.debug_info</name>
         <load_address>0x16279</load_address>
         <run_address>0x16279</run_address>
         <size>0x123</size>
         <input_file_ref idref="fl-f8"/>
      </object_component>
      <object_component id="oc-2f8">
         <name>.debug_info</name>
         <load_address>0x1639c</load_address>
         <run_address>0x1639c</run_address>
         <size>0x857</size>
         <input_file_ref idref="fl-f8"/>
      </object_component>
      <object_component id="oc-16e">
         <name>.debug_info</name>
         <load_address>0x16bf3</load_address>
         <run_address>0x16bf3</run_address>
         <size>0x62</size>
         <input_file_ref idref="fl-f8"/>
      </object_component>
      <object_component id="oc-34a">
         <name>.debug_info</name>
         <load_address>0x16c55</load_address>
         <run_address>0x16c55</run_address>
         <size>0x1d7</size>
         <input_file_ref idref="fl-f9"/>
      </object_component>
      <object_component id="oc-336">
         <name>.debug_info</name>
         <load_address>0x16e2c</load_address>
         <run_address>0x16e2c</run_address>
         <size>0x26f</size>
         <input_file_ref idref="fl-f9"/>
      </object_component>
      <object_component id="oc-370">
         <name>.debug_info</name>
         <load_address>0x1709b</load_address>
         <run_address>0x1709b</run_address>
         <size>0xa6</size>
      </object_component>
      <object_component id="oc-1ef">
         <name>.debug_line</name>
         <load_address>0x0</load_address>
         <run_address>0x0</run_address>
         <size>0x20</size>
         <input_file_ref idref="fl-2"/>
      </object_component>
      <object_component id="oc-1fc">
         <name>.debug_line</name>
         <load_address>0x20</load_address>
         <run_address>0x20</run_address>
         <size>0x36</size>
         <input_file_ref idref="fl-2"/>
      </object_component>
      <object_component id="oc-110">
         <name>.debug_line</name>
         <load_address>0x56</load_address>
         <run_address>0x56</run_address>
         <size>0x434</size>
         <input_file_ref idref="fl-2"/>
      </object_component>
      <object_component id="oc-b0">
         <name>.debug_line</name>
         <load_address>0x48a</load_address>
         <run_address>0x48a</run_address>
         <size>0x4a</size>
         <input_file_ref idref="fl-2"/>
      </object_component>
      <object_component id="oc-13a">
         <name>.debug_line</name>
         <load_address>0x4d4</load_address>
         <run_address>0x4d4</run_address>
         <size>0x20</size>
         <input_file_ref idref="fl-2"/>
      </object_component>
      <object_component id="oc-bc">
         <name>.debug_line</name>
         <load_address>0x4f4</load_address>
         <run_address>0x4f4</run_address>
         <size>0x45</size>
         <input_file_ref idref="fl-2"/>
      </object_component>
      <object_component id="oc-135">
         <name>.debug_line</name>
         <load_address>0x539</load_address>
         <run_address>0x539</run_address>
         <size>0x79</size>
         <input_file_ref idref="fl-2"/>
      </object_component>
      <object_component id="oc-c1">
         <name>.debug_line</name>
         <load_address>0x5b2</load_address>
         <run_address>0x5b2</run_address>
         <size>0x48</size>
         <input_file_ref idref="fl-2"/>
      </object_component>
      <object_component id="oc-18b">
         <name>.debug_line</name>
         <load_address>0x5fa</load_address>
         <run_address>0x5fa</run_address>
         <size>0x45</size>
         <input_file_ref idref="fl-2"/>
      </object_component>
      <object_component id="oc-1aa">
         <name>.debug_line</name>
         <load_address>0x63f</load_address>
         <run_address>0x63f</run_address>
         <size>0x41</size>
         <input_file_ref idref="fl-2"/>
      </object_component>
      <object_component id="oc-15f">
         <name>.debug_line</name>
         <load_address>0x680</load_address>
         <run_address>0x680</run_address>
         <size>0x45</size>
         <input_file_ref idref="fl-2"/>
      </object_component>
      <object_component id="oc-27a">
         <name>.debug_line</name>
         <load_address>0x6c5</load_address>
         <run_address>0x6c5</run_address>
         <size>0x20</size>
         <input_file_ref idref="fl-3"/>
      </object_component>
      <object_component id="oc-aa">
         <name>.debug_line</name>
         <load_address>0x6e5</load_address>
         <run_address>0x6e5</run_address>
         <size>0x44</size>
         <input_file_ref idref="fl-3"/>
      </object_component>
      <object_component id="oc-141">
         <name>.debug_line</name>
         <load_address>0x729</load_address>
         <run_address>0x729</run_address>
         <size>0x47</size>
         <input_file_ref idref="fl-3"/>
      </object_component>
      <object_component id="oc-190">
         <name>.debug_line</name>
         <load_address>0x770</load_address>
         <run_address>0x770</run_address>
         <size>0x45</size>
         <input_file_ref idref="fl-3"/>
      </object_component>
      <object_component id="oc-146">
         <name>.debug_line</name>
         <load_address>0x7b5</load_address>
         <run_address>0x7b5</run_address>
         <size>0x45</size>
         <input_file_ref idref="fl-3"/>
      </object_component>
      <object_component id="oc-14b">
         <name>.debug_line</name>
         <load_address>0x7fa</load_address>
         <run_address>0x7fa</run_address>
         <size>0x47</size>
         <input_file_ref idref="fl-3"/>
      </object_component>
      <object_component id="oc-150">
         <name>.debug_line</name>
         <load_address>0x841</load_address>
         <run_address>0x841</run_address>
         <size>0x45</size>
         <input_file_ref idref="fl-3"/>
      </object_component>
      <object_component id="oc-155">
[...]
      <symbol id="sm-32e">
         <name>phantomInterrupt</name>
         <value>0x88e4</value>
         <object_component_ref idref="oc-32"/>
      </symbol>
      <symbol id="sm-34d">
         <name>_c_int00</name>
         <value>0x7ebc</value>
         <object_component_ref idref="oc-1e"/>
      </symbol>
      <symbol id="sm-34e">
         <name>handlePLLLockFail</name>
         <value>0x88e0</value>
         <object_component_ref idref="oc-7d"/>
      </symbol>
      <symbol id="sm-3f1">
         <name>vimChannelMap</name>
         <value>0x3a94</value>
         <object_component_ref idref="oc-3c"/>
      </symbol>
      <symbol id="sm-3f2">
         <name>vimInit</name>
         <value>0x39c0</value>
         <object_component_ref idref="oc-3c"/>
      </symbol>
      <symbol id="sm-3f3">
         <name>vimEnableInterrupt</name>
         <value>0x3b38</value>
         <object_component_ref idref="oc-3c"/>
      </symbol>
      <symbol id="sm-3f4">
         <name>vimDisableInterrupt</name>
         <value>0x3d00</value>
         <object_component_ref idref="oc-3c"/>
      </symbol>
      <symbol id="sm-3f5">
         <name>vimGetConfigValue</name>
         <value>0x3dac</value>
         <object_component_ref idref="oc-3c"/>
      </symbol>
      <symbol id="sm-3f6">
         <name>vimECCErrorHandler</name>
         <value>0x6924</value>
         <object_component_ref idref="oc-38"/>
      </symbol>
      <symbol id="sm-445">
         <name>systemGetConfigValue</name>
         <value>0x34e8</value>
         <object_component_ref idref="oc-71"/>
      </symbol>
      <symbol id="sm-446">
         <name>trimLPO</name>
         <value>0x3088</value>
         <object_component_ref idref="oc-71"/>
      </symbol>
      <symbol id="sm-447">
         <name>systemInit</name>
         <value>0x331c</value>
         <object_component_ref idref="oc-71"/>
      </symbol>
      <symbol id="sm-448">
         <name>customTrimLPO</name>
         <value>0x3918</value>
         <object_component_ref idref="oc-71"/>
      </symbol>
      <symbol id="sm-449">
         <name>periphInit</name>
         <value>0x313c</value>
         <object_component_ref idref="oc-71"/>
      </symbol>
      <symbol id="sm-44a">
         <name>setupFlash</name>
         <value>0x30fc</value>
         <object_component_ref idref="oc-71"/>
      </symbol>
      <symbol id="sm-44b">
         <name>setupPLL</name>
         <value>0x3028</value>
         <object_component_ref idref="oc-71"/>
      </symbol>
      <symbol id="sm-44c">
         <name>getResetSource</name>
         <value>0x33c0</value>
         <object_component_ref idref="oc-71"/>
      </symbol>
      <symbol id="sm-44d">
         <name>mapClocks</name>
         <value>0x31f0</value>
         <object_component_ref idref="oc-71"/>
      </symbol>
      <symbol id="sm-44e">
         <name>systemPowerDown</name>
         <value>0x3390</value>
         <object_component_ref idref="oc-71"/>
      </symbol>
      <symbol id="sm-472">
         <name>__TI_auto_init</name>
         <value>0x8044</value>
         <object_component_ref idref="oc-94"/>
      </symbol>
      <symbol id="sm-489">
         <name>__TI_decompress_none</name>
         <value>0x88c4</value>
         <object_component_ref idref="oc-c"/>
      </symbol>
      <symbol id="sm-4af">
         <name>__TI_decompress_rle24</name>
         <value>0x88d8</value>
         <object_component_ref idref="oc-12"/>
      </symbol>
      <symbol id="sm-4ca">
         <name>copy_in</name>
         <value>0x85b4</value>
         <object_component_ref idref="oc-fe"/>
      </symbol>
      <symbol id="sm-4e4">
         <name>__TI_tmpnams</name>
         <value>0x800202c</value>
      </symbol>
      <symbol id="sm-4e5">
         <name>__aeabi_stdout</name>
         <value>0x8001ec8</value>
         <object_component_ref idref="oc-1b2"/>
      </symbol>
      <symbol id="sm-4e6">
         <name>__aeabi_stderr</name>
         <value>0x8001ecc</value>
         <object_component_ref idref="oc-1b2"/>
      </symbol>
      <symbol id="sm-4e7">
         <name>__aeabi_stdin</name>
         <value>0x8001ec4</value>
         <object_component_ref idref="oc-1b2"/>
      </symbol>
      <symbol id="sm-4e8">
         <name>_ftable</name>
         <value>0x8001d00</value>
         <object_component_ref idref="oc-121"/>
      </symbol>
      <symbol id="sm-4e9">
         <name>__TI_ft_end</name>
         <value>0x8001ec0</value>
         <object_component_ref idref="oc-1b2"/>
      </symbol>
      <symbol id="sm-50a">
         <name>C$$EXIT</name>
         <value>0x8414</value>
         <object_component_ref idref="oc-a0"/>
      </symbol>
      <symbol id="sm-50b">
         <name>abort</name>
         <value>0x841c</value>
         <object_component_ref idref="oc-a0"/>
      </symbol>
      <symbol id="sm-50c">
         <name>exit</name>
         <value>0x8428</value>
         <object_component_ref idref="oc-a0"/>
      </symbol>
      <symbol id="sm-50d">
         <name>__TI_dtors_ptr</name>
         <value>0x8001ed4</value>
         <object_component_ref idref="oc-129"/>
      </symbol>
      <symbol id="sm-50e">
         <name>__TI_cleanup_ptr</name>
         <value>0x8001ed0</value>
         <object_component_ref idref="oc-129"/>
      </symbol>
      <symbol id="sm-50f">
         <name>__TI_enable_exit_profile_output</name>
         <value>0x8001ed8</value>
         <object_component_ref idref="oc-129"/>
      </symbol>
      <symbol id="sm-529">
         <name>__TI_doflush</name>
         <value>0x7950</value>
         <object_component_ref idref="oc-112"/>
      </symbol>
      <symbol id="sm-52a">
         <name>fflush</name>
         <value>0x79d4</value>
         <object_component_ref idref="oc-112"/>
      </symbol>
      <symbol id="sm-57b">
         <name>open</name>
         <value>0x5ee0</value>
         <object_component_ref idref="oc-1ac"/>
      </symbol>
      <symbol id="sm-57c">
         <name>add_device</name>
         <value>0x60cc</value>
         <object_component_ref idref="oc-1ac"/>
      </symbol>
      <symbol id="sm-57d">
         <name>remove_device</name>
         <value>0x5e50</value>
         <object_component_ref idref="oc-1ac"/>
      </symbol>
      <symbol id="sm-57e">
         <name>lseek</name>
         <value>0x5ff8</value>
         <object_component_ref idref="oc-1ac"/>
      </symbol>
      <symbol id="sm-57f">
         <name>read</name>
         <value>0x5e9c</value>
         <object_component_ref idref="oc-1ac"/>
      </symbol>
      <symbol id="sm-580">
         <name>rename</name>
         <value>0x5de4</value>
         <object_component_ref idref="oc-1ac"/>
      </symbol>
      <symbol id="sm-581">
         <name>write</name>
         <value>0x5cac</value>
         <object_component_ref idref="oc-1ac"/>
      </symbol>
      <symbol id="sm-582">
         <name>close</name>
         <value>0x603c</value>
         <object_component_ref idref="oc-1ac"/>
      </symbol>
      <symbol id="sm-583">
         <name>unlink</name>
         <value>0x5da4</value>
         <object_component_ref idref="oc-1ac"/>
      </symbol>
      <symbol id="sm-59c">
         <name>memcpy</name>
         <value>0x73c0</value>
         <object_component_ref idref="oc-47"/>
      </symbol>
      <symbol id="sm-59d">
         <name>__aeabi_memcpy</name>
         <value>0x73c0</value>
         <object_component_ref idref="oc-47"/>
      </symbol>
      <symbol id="sm-59e">
         <name>__aeabi_memcpy8</name>
         <value>0x73c0</value>
         <object_component_ref idref="oc-47"/>
      </symbol>
      <symbol id="sm-59f">
         <name>__aeabi_memcpy4</name>
         <value>0x73c0</value>
         <object_component_ref idref="oc-47"/>
      </symbol>
      <symbol id="sm-5ae">
         <name>__aeabi_memset</name>
         <value>0x7f98</value>
         <object_component_ref idref="oc-60"/>
      </symbol>
      <symbol id="sm-5af">
         <name>memset</name>
         <value>0x7fa4</value>
         <object_component_ref idref="oc-60"/>
      </symbol>
      <symbol id="sm-5b0">
         <name>__aeabi_memset8</name>
         <value>0x7f98</value>
         <object_component_ref idref="oc-60"/>
      </symbol>
      <symbol id="sm-5b1">
         <name>__aeabi_memset4</name>
         <value>0x7f98</value>
         <object_component_ref idref="oc-60"/>
      </symbol>
      <symbol id="sm-5b2">
         <name>__aeabi_memclr8</name>
         <value>0x7f94</value>
         <object_component_ref idref="oc-60"/>
      </symbol>
      <symbol id="sm-5b3">
         <name>__aeabi_memclr4</name>
         <value>0x7f94</value>
         <object_component_ref idref="oc-60"/>
      </symbol>
      <symbol id="sm-5b4">
         <name>__aeabi_memclr</name>
         <value>0x7f94</value>
         <object_component_ref idref="oc-60"/>
      </symbol>
      <symbol id="sm-5cd">
         <name>printf</name>
         <value>0x819c</value>
         <object_component_ref idref="oc-118"/>
      </symbol>
      <symbol id="sm-5d7">
         <name>_system_post_cinit</name>
         <value>0x88ec</value>
         <object_component_ref idref="oc-104"/>
      </symbol>
      <symbol id="sm-5e5">
         <name>strchr</name>
         <value>0x87fc</value>
         <object_component_ref idref="oc-203"/>
      </symbol>
      <symbol id="sm-5f3">
         <name>strcmp</name>
         <value>0x8824</value>
         <object_component_ref idref="oc-1fd"/>
      </symbol>
      <symbol id="sm-602">
         <name>strncpy</name>
         <value>0x875c</value>
         <object_component_ref idref="oc-209"/>
      </symbol>
      <symbol id="sm-62a">
         <name>HOSTgetenv</name>
         <value>0x5b68</value>
         <object_component_ref idref="oc-285"/>
      </symbol>
      <symbol id="sm-62b">
         <name>HOSTrename</name>
         <value>0x5920</value>
         <object_component_ref idref="oc-285"/>
      </symbol>
      <symbol id="sm-62c">
         <name>HOSTclose</name>
         <value>0x5bd0</value>
         <object_component_ref idref="oc-285"/>
      </symbol>
      <symbol id="sm-62d">
         <name>HOSTtime64</name>
         <value>0x5844</value>
         <object_component_ref idref="oc-285"/>
      </symbol>
      <symbol id="sm-62e">
         <name>HOSTunlink</name>
         <value>0x57e0</value>
         <object_component_ref idref="oc-285"/>
      </symbol>
      <symbol id="sm-62f">
         <name>HOSTlseek</name>
         <value>0x5ac8</value>
         <object_component_ref idref="oc-285"/>
      </symbol>
      <symbol id="sm-630">
         <name>HOSTopen</name>
         <value>0x5a3c</value>
         <object_component_ref idref="oc-285"/>
      </symbol>
      <symbol id="sm-631">
         <name>HOSTclock</name>
         <value>0x5c40</value>
         <object_component_ref idref="oc-285"/>
      </symbol>
      <symbol id="sm-632">
         <name>HOSTwrite</name>
         <value>0x575c</value>
         <object_component_ref idref="oc-285"/>
      </symbol>
      <symbol id="sm-633">
         <name>HOSTread</name>
         <value>0x59b8</value>
         <object_component_ref idref="oc-285"/>
      </symbol>
      <symbol id="sm-634">
         <name>HOSTtime</name>
         <value>0x58c0</value>
         <object_component_ref idref="oc-285"/>
      </symbol>
      <symbol id="sm-64e">
         <name>__TI_readmsg</name>
         <value>0x8288</value>
         <object_component_ref idref="oc-2df"/>
      </symbol>
      <symbol id="sm-64f">
         <name>C$$IO$$</name>
         <value>0x8280</value>
         <object_component_ref idref="oc-2df"/>
      </symbol>
      <symbol id="sm-650">
         <name>__CIOBUF_</name>
         <value>0x8001f0c</value>
         <object_component_ref idref="oc-322"/>
      </symbol>
      <symbol id="sm-651">
         <name>__TI_writemsg</name>
         <value>0x8238</value>
         <object_component_ref idref="oc-2df"/>
      </symbol>
      <symbol id="sm-66b">
         <name>_nop</name>
         <value>0x8864</value>
         <object_component_ref idref="oc-1e1"/>
      </symbol>
      <symbol id="sm-66c">
         <name>_lock</name>
         <value>0x8001efc</value>
         <object_component_ref idref="oc-12c"/>
      </symbol>
      <symbol id="sm-66d">
         <name>_unlock</name>
         <value>0x8001f00</value>
         <object_component_ref idref="oc-12c"/>
      </symbol>
      <symbol id="sm-66e">
         <name>_register_lock</name>
         <value>0x8858</value>
         <object_component_ref idref="oc-1e1"/>
      </symbol>
      <symbol id="sm-66f">
         <name>_register_unlock</name>
         <value>0x884c</value>
         <object_component_ref idref="oc-1e1"/>
      </symbol>
      <symbol id="sm-75e">
         <name>__TI_printfi</name>
         <value>0x1428</value>
         <object_component_ref idref="oc-1c3"/>
      </symbol>
      <symbol id="sm-771">
         <name>atoi</name>
         <value>0x8530</value>
         <object_component_ref idref="oc-25b"/>
      </symbol>
      <symbol id="sm-77c">
         <name>_ctypes_</name>
         <value>0x8b00</value>
         <object_component_ref idref="oc-2cd"/>
      </symbol>
      <symbol id="sm-794">
         <name>putc</name>
         <value>0x7cb4</value>
         <object_component_ref idref="oc-1b7"/>
      </symbol>
      <symbol id="sm-795">
         <name>fputc</name>
         <value>0x7cb4</value>
         <object_component_ref idref="oc-1b7"/>
      </symbol>
      <symbol id="sm-796">
         <name>putchar</name>
         <value>0x7dac</value>
         <object_component_ref idref="oc-1b7"/>
      </symbol>
      <symbol id="sm-7b6">
         <name>puts</name>
         <value>0x7388</value>
         <object_component_ref idref="oc-1bd"/>
      </symbol>
      <symbol id="sm-7b7">
         <name>fputs</name>
         <value>0x71ec</value>
         <object_component_ref idref="oc-1bd"/>
      </symbol>
      <symbol id="sm-7c5">
         <name>ltoa</name>
         <value>0x8638</value>
         <object_component_ref idref="oc-243"/>
      </symbol>
      <symbol id="sm-7d4">
         <name>memccpy</name>
         <value>0x87a4</value>
         <object_component_ref idref="oc-255"/>
      </symbol>
      <symbol id="sm-7e3">
         <name>memchr</name>
         <value>0x87d0</value>
         <object_component_ref idref="oc-231"/>
      </symbol>
      <symbol id="sm-7fb">
         <name>frexpl</name>
         <value>0x84a4</value>
         <object_component_ref idref="oc-249"/>
      </symbol>
      <symbol id="sm-7fc">
         <name>frexp</name>
         <value>0x84a4</value>
         <object_component_ref idref="oc-249"/>
      </symbol>
      <symbol id="sm-819">
         <name>scalbn</name>
         <value>0x7a80</value>
         <object_component_ref idref="oc-24f"/>
      </symbol>
      <symbol id="sm-81a">
         <name>scalbnl</name>
         <value>0x7a80</value>
         <object_component_ref idref="oc-24f"/>
      </symbol>
      <symbol id="sm-81b">
         <name>ldexpl</name>
         <value>0x7a80</value>
         <object_component_ref idref="oc-24f"/>
      </symbol>
      <symbol id="sm-81c">
         <name>ldexp</name>
         <value>0x7a80</value>
         <object_component_ref idref="oc-24f"/>
      </symbol>
      <symbol id="sm-82a">
         <name>strcpy</name>
         <value>0x88ac</value>
         <object_component_ref idref="oc-2e5"/>
      </symbol>
      <symbol id="sm-838">
         <name>strlen</name>
         <value>0x8870</value>
         <object_component_ref idref="oc-22b"/>
      </symbol>
      <symbol id="sm-844">
         <name>__aeabi_uidivmod</name>
         <value>0x870c</value>
         <object_component_ref idref="oc-23e"/>
      </symbol>
      <symbol id="sm-845">
         <name>__aeabi_uidiv</name>
         <value>0x870c</value>
         <object_component_ref idref="oc-23e"/>
      </symbol>
      <symbol id="sm-861">
         <name>__aeabi_uldivmod</name>
         <value>0x6f34</value>
         <object_component_ref idref="oc-239"/>
      </symbol>
      <symbol id="sm-87d">
         <name>__TI_wrt_ok</name>
         <value>0x7b9c</value>
         <object_component_ref idref="oc-223"/>
      </symbol>
      <symbol id="sm-87e">
         <name>__TI_rd_ok</name>
         <value>0x7c3c</value>
         <object_component_ref idref="oc-223"/>
      </symbol>
      <symbol id="sm-886">
         <name>errno</name>
         <value>0x8001f04</value>
         <object_component_ref idref="oc-2c6"/>
      </symbol>
      <symbol id="sm-898">
         <name>fseek</name>
         <value>0x80ec</value>
         <object_component_ref idref="oc-294"/>
      </symbol>
      <symbol id="sm-8a2">
         <name>__aeabi_idiv0</name>
         <value>0x88e8</value>
         <object_component_ref idref="oc-2ab"/>
      </symbol>
      <symbol id="sm-8ae">
         <name>__aeabi_idivmod</name>
         <value>0x86b8</value>
         <object_component_ref idref="oc-2b2"/>
      </symbol>
      <symbol id="sm-8af">
         <name>__aeabi_idiv</name>
         <value>0x86b8</value>
         <object_component_ref idref="oc-2b2"/>
      </symbol>
      <symbol id="sm-8b9">
         <name>copysign</name>
         <value>0x8890</value>
         <object_component_ref idref="oc-2c0"/>
      </symbol>
      <symbol id="sm-8ba">
         <name>copysignl</name>
         <value>0x8890</value>
         <object_component_ref idref="oc-2c0"/>
      </symbol>
      <symbol id="sm-8d4">
         <name>setvbuf</name>
         <value>0x76b8</value>
         <object_component_ref idref="oc-29a"/>
      </symbol>
      <symbol id="sm-907">
         <name>__TI_cleanup</name>
         <value>0x6da0</value>
         <object_component_ref idref="oc-2fd"/>
      </symbol>
      <symbol id="sm-908">
         <name>freopen</name>
         <value>0x6dec</value>
         <object_component_ref idref="oc-2fd"/>
      </symbol>
      <symbol id="sm-909">
         <name>fopen</name>
         <value>0x6e38</value>
         <object_component_ref idref="oc-2fd"/>
      </symbol>
      <symbol id="sm-96a">
         <name>_sys_memory</name>
         <value>0x8001500</value>
         <object_component_ref idref="oc-44"/>
      </symbol>
      <symbol id="sm-96b">
         <name>free</name>
         <value>0x52d8</value>
         <object_component_ref idref="oc-2f7"/>
      </symbol>
      <symbol id="sm-96c">
         <name>realloc</name>
         <value>0x5430</value>
         <object_component_ref idref="oc-2f7"/>
      </symbol>
      <symbol id="sm-96d">
         <name>memalign</name>
         <value>0x55c4</value>
         <object_component_ref idref="oc-2f7"/>
      </symbol>
      <symbol id="sm-96e">
         <name>calloc</name>
         <value>0x5704</value>
         <object_component_ref idref="oc-2f7"/>
      </symbol>
      <symbol id="sm-96f">
         <name>malloc</name>
         <value>0x521c</value>
         <object_component_ref idref="oc-2f7"/>
      </symbol>
      <symbol id="sm-970">
         <name>minit</name>
         <value>0x5120</value>
         <object_component_ref idref="oc-2f7"/>
      </symbol>
      <symbol id="sm-986">
         <name>__TI_closefile</name>
         <value>0x7dc0</value>
         <object_component_ref idref="oc-333"/>
      </symbol>
      <symbol id="sm-987">
         <name>fclose</name>
         <value>0x7e6c</value>
         <object_component_ref idref="oc-333"/>
      </symbol>
      <symbol id="sm-989">
         <name>__TI_static_base__</name>
         <value>0x0</value>
      </symbol>
      <symbol id="sm-98c">
         <name>SHT$$INIT_ARRAY$$Base</name>
         <value>0x0</value>
      </symbol>
      <symbol id="sm-98d">
         <name>SHT$$INIT_ARRAY$$Limit</name>
         <value>0x0</value>
      </symbol>
      <symbol id="sm-98e">
         <name>remove</name>
         <value>0x5da4</value>
      </symbol>
   </symbol_table>
   <title>Link successful</title>
</link_info>
