******************************************************************************
                  TI ARM Linker PC v15.12.3                    
******************************************************************************
>> Linked Thu Jun 29 17:10:52 2023

OUTPUT FILE NAME:   <can test 2.out>
ENTRY POINT SYMBOL: "_c_int00"  address: 00007ebc


MEMORY CONFIGURATION

         name            origin    length      used     unused   attr    fill
----------------------  --------  ---------  --------  --------  ----  --------
  VECTORS               00000000   00000020  00000020  00000000     X
  FLASH0                00000020   001fffe0  00008ca8  001f7338  R  X
  FLASH1                00200000   00200000  00000000  00200000  R  X
  STACKS                08000000   00001500  00000000  00001500  RW  
  RAM                   08001500   0007eb00  00000bd4  0007df2c  RW  


SEGMENT ALLOCATION MAP

run origin  load origin   length   init length attrs members
----------  ----------- ---------- ----------- ----- -------
00000000    00000000    000088f0   000088f0    r-x
  00000000    00000000    00000020   00000020    r-x .intvecs
  00000020    00000020    000088d0   000088d0    r-x .text
00008900    00008900    00000324   00000324    r--
  00008900    00008900    00000324   00000324    r-- .const
00008c40    00008c40    000000b4   000000b4    r--
  00008c40    00008c40    000000b4   000000b4    r-- .cinit
08001500    08001500    00000bd4   00000000    rw-
  08001500    08001500    00000800   00000000    rw- .sysmem
  08001d00    08001d00    0000020c   00000000    rw- .data
  08001f0c    08001f0c    000001c8   00000000    rw- .bss


SECTION ALLOCATION MAP

 output                                  attributes/
section   page    origin      length       input sections
--------  ----  ----------  ----------   ----------------
.intvecs   0    00000000    00000020     
                  00000000    00000020     HL_sys_intvecs.obj (.intvecs)

.text      0    00000020    000088d0     
                  00000020    00001904     rtsv7R4_A_be_v3D16_eabi.lib : _printfi.obj (.text)
                  00001924    00000d44     HL_can.obj (.text)
                  00002668    000009c0     HL_pinmux.obj (.text)
                  00003028    00000998     HL_system.obj (.text)
                  000039c0    00000938     HL_sys_vim.obj (.text)
                  000042f8    000007c4     HL_esm.obj (.text)
                  00004abc    00000664     HL_errata_SSWF021_45.obj (.text)
                  00005120    0000063c     rtsv7R4_A_be_v3D16_eabi.lib : memory.obj (.text)
                  0000575c    00000550                                 : trgdrv.obj (.text)
                  00005cac    00000548                                 : lowlev.obj (.text)
                  000061f4    000003c4     HL_sys_core.obj (.text)
                  000065b8    0000036c     HL_sys_mpu.obj (.text)
                  00006924    0000033c     HL_sys_vim.obj (.text:retain)
                  00006c60    000002d4     rtsv7R4_A_be_v3D16_eabi.lib : fopen.obj (.text)
                  00006f34    000002b8                                 : ull_div32.obj (.text)
                  000071ec    000001d4                                 : fputs.obj (.text)
                  000073c0    00000180                                 : memcpy32.obj (.text)
                  00007540    00000178     HL_esm.obj (.text:retain)
                  000076b8    00000158     rtsv7R4_A_be_v3D16_eabi.lib : setvbuf.obj (.text)
                  00007810    00000140     HL_sys_main.obj (.text)
                  00007950    00000130     rtsv7R4_A_be_v3D16_eabi.lib : fflush.obj (.text)
                  00007a80    0000011c                                 : s_scalbn.obj (.text)
                  00007b9c    00000118                                 : _io_perm.obj (.text)
                  00007cb4    0000010c                                 : fputc.obj (.text)
                  00007dc0    000000fc                                 : fclose.obj (.text)
                  00007ebc    000000d8     HL_sys_startup.obj (.text:retain)
                  00007f94    000000b0     rtsv7R4_A_be_v3D16_eabi.lib : memset32.obj (.text)
                  00008044    000000a8                                 : autoinit.obj (.text)
                  000080ec    000000a8                                 : fseek.obj (.text)
                  00008194    000000a4                                 : printf.obj (.text)
                  00008238    000000a4                                 : trgmsg.obj (.text)
                  000082dc    0000009c     HL_notification.obj (.text)
                  00008378    0000009c     rtsv7R4_A_be_v3D16_eabi.lib : copy_decompress_rle.obj (.text)
                  00008414    00000090                                 : exit.obj (.text)
                  000084a4    0000008c                                 : s_frexp.obj (.text)
                  00008530    00000084                                 : atoi.obj (.text)
                  000085b4    00000084                                 : cpy_tbl.obj (.text)
                  00008638    00000080                                 : ltoa.obj (.text)
                  000086b8    00000054                                 : i_div32.obj (.text)
                  0000870c    00000050                                 : u_div32.obj (.text)
                  0000875c    00000048                                 : strncpy.obj (.text)
                  000087a4    0000002c                                 : memccpy.obj (.text)
                  000087d0    0000002c                                 : memchr.obj (.text)
                  000087fc    00000028                                 : strchr.obj (.text)
                  00008824    00000028                                 : strcmp.obj (.text)
                  0000884c    00000024                                 : _lock.obj (.text)
                  00008870    00000020                                 : strlen.obj (.text)
                  00008890    0000001c                                 : s_copysign.obj (.text)
                  000088ac    00000018                                 : strcpy.obj (.text)
                  000088c4    00000014                                 : copy_decompress_none.obj (.text:decompress:none)
                  000088d8    00000008                                 : copy_decompress_rle.obj (.text:decompress:rle24)
                  000088e0    00000004     HL_sys_startup.obj (.text)
                  000088e4    00000004     HL_sys_phantom.obj (.text:retain)
                  000088e8    00000004     rtsv7R4_A_be_v3D16_eabi.lib : i_div0.obj (.text)
                  000088ec    00000004                                 : startup.obj (.text)

.const     0    00008900    00000324     
                  00008900    00000200     HL_sys_vim.obj (.const:s_vim_init)
                  00008b00    00000101     rtsv7R4_A_be_v3D16_eabi.lib : ctype.obj (.const:.string:_ctypes_)
                  00008c01    00000003     --HOLE-- [fill = 0]
                  00008c04    00000020     HL_can.obj (.const:s_canByteOrder)

.cinit     0    00008c40    000000b4     
                  00008c40    0000008a     (.cinit..data.load) [load image, compression = rle]
                  00008cca    00000006     --HOLE-- [fill = 0]
                  00008cd0    0000000b     (.cinit..bss.load) [load image, compression = rle]
                  00008cdb    00000001     --HOLE-- [fill = 0]
                  00008cdc    00000008     (__TI_handler_table)
                  00008ce4    00000010     (__TI_cinit_table)

.sysmem    0    08001500    00000800     UNINITIALIZED
                  08001500    00000008     rtsv7R4_A_be_v3D16_eabi.lib : memory.obj (.sysmem)
                  08001508    000007f8     --HOLE--

.data      0    08001d00    0000020c     UNINITIALIZED
                  08001d00    000000f0     rtsv7R4_A_be_v3D16_eabi.lib : defs.obj (.data:_ftable)
                  08001df0    000000d0                                 : lowlev.obj (.data:$O1$$)
                  08001ec0    00000010                                 : defs.obj (.data)
                  08001ed0    0000000c                                 : exit.obj (.data:$O1$$)
                  08001edc    0000000c                                 : memory.obj (.data:$O1$$)
                  08001ee8    00000009     HL_sys_main.obj (.data:rx_data)
                  08001ef1    00000009     HL_sys_main.obj (.data:tx_data)
                  08001efa    00000002     --HOLE--
                  08001efc    00000008     rtsv7R4_A_be_v3D16_eabi.lib : _lock.obj (.data:$O1$$)
                  08001f04    00000004                                 : errno.obj (.data)
                  08001f08    00000004                                 : fopen.obj (.data)

.bss       0    08001f0c    000001c8     UNINITIALIZED
                  08001f0c    00000120     rtsv7R4_A_be_v3D16_eabi.lib : trgmsg.obj (.bss:_CIOBUF_)
                  0800202c    000000a0     (.common:__TI_tmpnams)
                  080020cc    00000008                                 : trgdrv.obj (.bss:parmbuf)

MODULE SUMMARY

       Module                     code    ro data   rw data
       ------                     ----    -------   -------
    .\source\
       HL_sys_vim.obj             3188    512       0      
       HL_can.obj                 3396    32        0      
       HL_pinmux.obj              2496    0         0      
       HL_system.obj              2456    0         0      
       HL_esm.obj                 2364    0         0      
       HL_errata_SSWF021_45.obj   1636    0         0      
       HL_sys_core.obj            964     0         0      
       HL_sys_mpu.obj             876     0         0      
       HL_sys_main.obj            320     0         18     
       HL_sys_startup.obj         220     0         0      
       HL_notification.obj        156     0         0      
       HL_sys_intvecs.obj         32      0         0      
       HL_sys_phantom.obj         4       0         0      
    +--+--------------------------+-------+---------+---------+
       Total:                     18108   544       18     
                                                           
    C:\ti_texas_instrument_ccstudio\ccsv6\tools\compiler\arm_15.12.3.LTS\lib\rtsv7R4_A_be_v3D16_eabi.lib
       _printfi.obj               6404    0         0      
       memory.obj                 1596    0         12     
       lowlev.obj                 1352    0         208    
       trgdrv.obj                 1360    0         8      
       fopen.obj                  724     0         4      
       ull_div32.obj              696     0         0      
       fputs.obj                  468     0         0      
       trgmsg.obj                 164     0         288    
       defs.obj                   0       0         416    
       memcpy32.obj               384     0         0      
       setvbuf.obj                344     0         0      
       fflush.obj                 304     0         0      
       s_scalbn.obj               284     0         0      
       _io_perm.obj               280     0         0      
       fputc.obj                  268     0         0      
       ctype.obj                  0       257       0      
       fclose.obj                 252     0         0      
       memset32.obj               176     0         0      
       autoinit.obj               168     0         0      
       fseek.obj                  168     0         0      
       copy_decompress_rle.obj    164     0         0      
       printf.obj                 164     0         0      
       exit.obj                   144     0         12     
       s_frexp.obj                140     0         0      
       atoi.obj                   132     0         0      
       cpy_tbl.obj                132     0         0      
       ltoa.obj                   128     0         0      
       i_div32.obj                84      0         0      
       u_div32.obj                80      0         0      
       strncpy.obj                72      0         0      
       _lock.obj                  36      0         8      
       memccpy.obj                44      0         0      
       memchr.obj                 44      0         0      
       strchr.obj                 40      0         0      
       strcmp.obj                 40      0         0      
       strlen.obj                 32      0         0      
       s_copysign.obj             28      0         0      
       strcpy.obj                 24      0         0      
       copy_decompress_none.obj   20      0         0      
       errno.obj                  0       0         4      
       i_div0.obj                 4       0         0      
       startup.obj                4       0         0      
    +--+--------------------------+-------+---------+---------+
       Total:                     16948   257       960    
                                                           
       Heap:                      0       0         2048   
       Linker Generated:          0       173       0      
    +--+--------------------------+-------+---------+---------+
       Grand Total:               35056   974       3026   


LINKER GENERATED COPY TABLES

__TI_cinit_table @ 00008ce4 records: 2, size/record: 8, table size: 16
	.data: load addr=00008c40, load size=0000008a bytes, run addr=08001d00, run size=0000020c bytes, compression=rle
	.bss: load addr=00008cd0, load size=0000000b bytes, run addr=08001f0c, run size=000001c8 bytes, compression=rle


LINKER GENERATED HANDLER TABLE

__TI_handler_table @ 00008cdc records: 2, size/record: 4, table size: 8
	index: 0, handler: __TI_decompress_rle24
	index: 1, handler: __TI_decompress_none


GLOBAL SYMBOLS: SORTED ALPHABETICALLY BY Name 

address   name                                
-------   ----                                
00008414  C$$EXIT                             
00008280  C$$IO$$                             
00005c40  HOSTclock                           
00005bd0  HOSTclose                           
00005b68  HOSTgetenv                          
00005ac8  HOSTlseek                           
00005a3c  HOSTopen                            
000059b8  HOSTread                            
00005920  HOSTrename                          
000058c0  HOSTtime                            
00005844  HOSTtime64                          
000057e0  HOSTunlink                          
0000575c  HOSTwrite                           
UNDEFED   SHT$$INIT_ARRAY$$Base               
UNDEFED   SHT$$INIT_ARRAY$$Limit              
08001f0c  __CIOBUF_                           
00000800  __SYSMEM_SIZE                       
00008ce4  __TI_CINIT_Base                     
00008cf4  __TI_CINIT_Limit                    
00008cdc  __TI_Handler_Table_Base             
00008ce4  __TI_Handler_Table_Limit            
000065b0  __TI_PINIT_Base                     
000065b4  __TI_PINIT_Limit                    
00008044  __TI_auto_init                      
00006da0  __TI_cleanup                        
08001ed0  __TI_cleanup_ptr                    
00007dc0  __TI_closefile                      
000088c4  __TI_decompress_none                
000088d8  __TI_decompress_rle24               
00007950  __TI_doflush                        
08001ed4  __TI_dtors_ptr                      
08001ed8  __TI_enable_exit_profile_output     
08001ec0  __TI_ft_end                         
ffffffff  __TI_pprof_out_hndl                 
00001428  __TI_printfi                        
ffffffff  __TI_prof_data_size                 
ffffffff  __TI_prof_data_start                
00007c3c  __TI_rd_ok                          
00008288  __TI_readmsg                        
00000000  __TI_static_base__                  
0800202c  __TI_tmpnams                        
00008238  __TI_writemsg                       
00007b9c  __TI_wrt_ok                         
000086b8  __aeabi_idiv                        
000088e8  __aeabi_idiv0                       
000086b8  __aeabi_idivmod                     
00007f94  __aeabi_memclr                      
00007f94  __aeabi_memclr4                     
00007f94  __aeabi_memclr8                     
000073c0  __aeabi_memcpy                      
000073c0  __aeabi_memcpy4                     
000073c0  __aeabi_memcpy8                     
00007f98  __aeabi_memset                      
00007f98  __aeabi_memset4                     
00007f98  __aeabi_memset8                     
08001ecc  __aeabi_stderr                      
08001ec4  __aeabi_stdin                       
08001ec8  __aeabi_stdout                      
0000870c  __aeabi_uidiv                       
0000870c  __aeabi_uidivmod                    
00006f34  __aeabi_uldivmod                    
ffffffff  __binit__                           
ffffffff  __c_args__                          
00007ebc  _c_int00                            
00006564  _cacheDisable_                      
00006520  _cacheEnable_                       
00006500  _checkMemInitOn_                    
0000640c  _coreClearAuxiliaryDataFault_       
00006420  _coreClearAuxiliaryInstructionFault_
000063e4  _coreClearDataFaultAddress_         
000063bc  _coreClearDataFault_                
000063f8  _coreClearInstructionFaultAddress_  
000063d0  _coreClearInstructionFault_         
00006394  _coreDisableEventBusExport_         
00006384  _coreEnableEventBusExport_          
000063a4  _coreEnableIrqVicOffset_            
0000636c  _coreEnableVfp_                     
00006404  _coreGetAuxiliaryDataFault_         
00006418  _coreGetAuxiliaryInstructionFault_  
000063dc  _coreGetDataFaultAddress_           
000063b4  _coreGetDataFault_                  
000063f0  _coreGetInstructionFaultAddress_    
000063c8  _coreGetInstructionFault_           
000061f4  _coreInitRegisters_                 
00006300  _coreInitStackPointer_              
00008b00  _ctypes_                            
00006588  _dCacheInvalidate_                  
0000642c  _disable_IRQ_interrupt_             
00006434  _enable_IRQ_interrupt_              
0000643c  _enable_interrupt_                  
00004abc  _errata_SSWF021_45_both_plls        
00004cb0  _errata_SSWF021_45_pll1             
00004e28  _errata_SSWF021_45_pll2             
00006444  _esmCcmErrorsClear_                 
08001d00  _ftable                             
0000634c  _getCPSRValue_                      
00006354  _gotoCPUIdle_                       
0000659c  _iCacheInvalidate_                  
08001efc  _lock                               
000064cc  _memInit_                           
000068cc  _mpuAreRegionsSeparate_             
000068b0  _mpuDisableBackgroundRegion_        
00006888  _mpuDisable_                        
000068a0  _mpuEnableBackgroundRegion_         
00006870  _mpuEnable_                         
000068c0  _mpuGetNumberOfRegions_             
000068f0  _mpuGetRegionBaseAddress_           
00006910  _mpuGetRegionPermission_            
00006904  _mpuGetRegionType_                  
000068e0  _mpuGetRegion_                      
000065b8  _mpuInit_                           
000068e8  _mpuSetRegionBaseAddress_           
0000691c  _mpuSetRegionSizeRegister_          
000068f8  _mpuSetRegionTypeAndPermission_     
000068d8  _mpuSetRegion_                      
00008864  _nop                                
00008858  _register_lock                      
0000884c  _register_unlock                    
08001500  _sys_memory                         
000088ec  _system_post_cinit                  
08001f00  _unlock                             
0000841c  abort                               
000060cc  add_device                          
00008530  atoi                                
ffffffff  binit                               
00005704  calloc                              
0000230c  can1GetConfigValue                  
00002464  can2GetConfigValue                  
000021ac  canDisableErrorNotification         
0000218c  canDisableStatusChangeNotification  
00002204  canDisableloopback                  
0000214c  canEnableErrorNotification          
0000216c  canEnableStatusChangeNotification   
000021cc  canEnableloopback                   
00008328  canErrorNotification                
00001ef4  canFillMessageObjectData            
00001c1c  canGetData                          
00002128  canGetErrorLevel                    
00001d74  canGetID                            
00002104  canGetLastError                     
00001924  canInit                             
000022f0  canIoRxGetBit                       
00002234  canIoSetDirection                   
00002284  canIoSetPort                        
000022d4  canIoTxGetBit                       
000020a8  canIsMessageBoxValid                
0000204c  canIsRxMessageArrived               
00001ff0  canIsTxMessagePending               
00008350  canMessageNotification              
00001e54  canSendRemoteFrame                  
0000833c  canStatusChangeNotification         
00001b20  canTransmit                         
00001ddc  canUpdateID                         
00007894  checkPackets                        
0000603c  close                               
000085b4  copy_in                             
00008890  copysign                            
00008890  copysignl                           
00003918  customTrimLPO                       
00008314  dmaGroupANotification               
00008364  epcCAMFullNotification              
00008368  epcFIFOFullNotification             
08001f04  errno                               
00004510  esmActivateNormalOperation          
0000466c  esmClearStatus                      
000046e0  esmClearStatusBuffer                
000046b8  esmClearStatusUpper                 
000044b8  esmDisableError                     
000044e4  esmDisableErrorUpper                
00004568  esmDisableInterrupt                 
00004594  esmDisableInterruptUpper            
00004470  esmEnableError                      
0000449c  esmEnableErrorUpper                 
00004520  esmEnableInterrupt                  
0000454c  esmEnableInterruptUpper             
00004820  esmEnterSelfTest                    
00004454  esmError                            
000048f8  esmGetConfigValue                   
0000471c  esmGetStatus                        
000047f8  esmGetStatusBuffer                  
000047a8  esmGetStatusUpper                   
000082dc  esmGroup1Notification               
000082f0  esmGroup2Notification               
00008304  esmGroup3Notification               
00007540  esmHighInterrupt                    
000042f8  esmInit                             
000048a8  esmSelfTestStatus                   
000046fc  esmSetCounterPreloadValue           
000045b0  esmSetInterruptLevel                
0000462c  esmSetInterruptLevelUpper           
00004500  esmTriggerErrorPinReset             
00008428  exit                                
00007e6c  fclose                              
000079d4  fflush                              
00006e38  fopen                               
00007cb4  fputc                               
000071ec  fputs                               
000052d8  free                                
00006dec  freopen                             
000084a4  frexp                               
000084a4  frexpl                              
000080ec  fseek                               
000033c0  getResetSource                      
000088e0  handlePLLLockFail                   
00007a80  ldexp                               
00007a80  ldexpl                              
00005ff8  lseek                               
00008638  ltoa                                
00007810  main                                
0000521c  malloc                              
000031f0  mapClocks                           
000055c4  memalign                            
000087a4  memccpy                             
000087d0  memchr                              
000073c0  memcpy                              
00007fa4  memset                              
00005120  minit                               
00002668  muxInit                             
00005ee0  open                                
0000313c  periphInit                          
000088e4  phantomInterrupt                    
0000819c  printf                              
00007cb4  putc                                
00007dac  putchar                             
00007388  puts                                
00005e9c  read                                
00005430  realloc                             
00005da4  remove                              
00005e50  remove_device                       
00005de4  rename                              
00000000  resetEntry                          
08001ee8  rx_data                             
00007a80  scalbn                              
00007a80  scalbnl                             
000030fc  setupFlash                          
00003028  setupPLL                            
000076b8  setvbuf                             
000087fc  strchr                              
00008824  strcmp                              
000088ac  strcpy                              
00008870  strlen                              
0000875c  strncpy                             
000034e8  systemGetConfigValue                
0000331c  systemInit                          
00003390  systemPowerDown                     
00003088  trimLPO                             
08001ef1  tx_data                             
00005da4  unlink                              
00003a94  vimChannelMap                       
00003d00  vimDisableInterrupt                 
00006924  vimECCErrorHandler                  
00003b38  vimEnableInterrupt                  
00003dac  vimGetConfigValue                   
000039c0  vimInit                             
00005cac  write                               


GLOBAL SYMBOLS: SORTED BY Symbol Address 

address   name                                
-------   ----                                
00000000  __TI_static_base__                  
00000000  resetEntry                          
00000800  __SYSMEM_SIZE                       
00001428  __TI_printfi                        
00001924  canInit                             
00001b20  canTransmit                         
00001c1c  canGetData                          
00001d74  canGetID                            
00001ddc  canUpdateID                         
00001e54  canSendRemoteFrame                  
00001ef4  canFillMessageObjectData            
00001ff0  canIsTxMessagePending               
0000204c  canIsRxMessageArrived               
000020a8  canIsMessageBoxValid                
00002104  canGetLastError                     
00002128  canGetErrorLevel                    
0000214c  canEnableErrorNotification          
0000216c  canEnableStatusChangeNotification   
0000218c  canDisableStatusChangeNotification  
000021ac  canDisableErrorNotification         
000021cc  canEnableloopback                   
00002204  canDisableloopback                  
00002234  canIoSetDirection                   
00002284  canIoSetPort                        
000022d4  canIoTxGetBit                       
000022f0  canIoRxGetBit                       
0000230c  can1GetConfigValue                  
00002464  can2GetConfigValue                  
00002668  muxInit                             
00003028  setupPLL                            
00003088  trimLPO                             
000030fc  setupFlash                          
0000313c  periphInit                          
000031f0  mapClocks                           
0000331c  systemInit                          
00003390  systemPowerDown                     
000033c0  getResetSource                      
000034e8  systemGetConfigValue                
00003918  customTrimLPO                       
000039c0  vimInit                             
00003a94  vimChannelMap                       
00003b38  vimEnableInterrupt                  
00003d00  vimDisableInterrupt                 
00003dac  vimGetConfigValue                   
000042f8  esmInit                             
00004454  esmError                            
00004470  esmEnableError                      
0000449c  esmEnableErrorUpper                 
000044b8  esmDisableError                     
000044e4  esmDisableErrorUpper                
00004500  esmTriggerErrorPinReset             
00004510  esmActivateNormalOperation          
00004520  esmEnableInterrupt                  
0000454c  esmEnableInterruptUpper             
00004568  esmDisableInterrupt                 
00004594  esmDisableInterruptUpper            
000045b0  esmSetInterruptLevel                
0000462c  esmSetInterruptLevelUpper           
0000466c  esmClearStatus                      
000046b8  esmClearStatusUpper                 
000046e0  esmClearStatusBuffer                
000046fc  esmSetCounterPreloadValue           
0000471c  esmGetStatus                        
000047a8  esmGetStatusUpper                   
000047f8  esmGetStatusBuffer                  
00004820  esmEnterSelfTest                    
000048a8  esmSelfTestStatus                   
000048f8  esmGetConfigValue                   
00004abc  _errata_SSWF021_45_both_plls        
00004cb0  _errata_SSWF021_45_pll1             
00004e28  _errata_SSWF021_45_pll2             
00005120  minit                               
0000521c  malloc                              
000052d8  free                                
00005430  realloc                             
000055c4  memalign                            
00005704  calloc                              
0000575c  HOSTwrite                           
000057e0  HOSTunlink                          
00005844  HOSTtime64                          
000058c0  HOSTtime                            
00005920  HOSTrename                          
000059b8  HOSTread                            
00005a3c  HOSTopen                            
00005ac8  HOSTlseek                           
00005b68  HOSTgetenv                          
00005bd0  HOSTclose                           
00005c40  HOSTclock                           
00005cac  write                               
00005da4  remove                              
00005da4  unlink                              
00005de4  rename                              
00005e50  remove_device                       
00005e9c  read                                
00005ee0  open                                
00005ff8  lseek                               
0000603c  close                               
000060cc  add_device                          
000061f4  _coreInitRegisters_                 
00006300  _coreInitStackPointer_              
0000634c  _getCPSRValue_                      
00006354  _gotoCPUIdle_                       
0000636c  _coreEnableVfp_                     
00006384  _coreEnableEventBusExport_          
00006394  _coreDisableEventBusExport_         
000063a4  _coreEnableIrqVicOffset_            
000063b4  _coreGetDataFault_                  
000063bc  _coreClearDataFault_                
000063c8  _coreGetInstructionFault_           
000063d0  _coreClearInstructionFault_         
000063dc  _coreGetDataFaultAddress_           
000063e4  _coreClearDataFaultAddress_         
000063f0  _coreGetInstructionFaultAddress_    
000063f8  _coreClearInstructionFaultAddress_  
00006404  _coreGetAuxiliaryDataFault_         
0000640c  _coreClearAuxiliaryDataFault_       
00006418  _coreGetAuxiliaryInstructionFault_  
00006420  _coreClearAuxiliaryInstructionFault_
0000642c  _disable_IRQ_interrupt_             
00006434  _enable_IRQ_interrupt_              
0000643c  _enable_interrupt_                  
00006444  _esmCcmErrorsClear_                 
000064cc  _memInit_                           
00006500  _checkMemInitOn_                    
00006520  _cacheEnable_                       
00006564  _cacheDisable_                      
00006588  _dCacheInvalidate_                  
0000659c  _iCacheInvalidate_                  
000065b0  __TI_PINIT_Base                     
000065b4  __TI_PINIT_Limit                    
000065b8  _mpuInit_                           
00006870  _mpuEnable_                         
00006888  _mpuDisable_                        
000068a0  _mpuEnableBackgroundRegion_         
000068b0  _mpuDisableBackgroundRegion_        
000068c0  _mpuGetNumberOfRegions_             
000068cc  _mpuAreRegionsSeparate_             
000068d8  _mpuSetRegion_                      
000068e0  _mpuGetRegion_                      
000068e8  _mpuSetRegionBaseAddress_           
000068f0  _mpuGetRegionBaseAddress_           
000068f8  _mpuSetRegionTypeAndPermission_     
00006904  _mpuGetRegionType_                  
00006910  _mpuGetRegionPermission_            
0000691c  _mpuSetRegionSizeRegister_          
00006924  vimECCErrorHandler                  
00006da0  __TI_cleanup                        
00006dec  freopen                             
00006e38  fopen                               
00006f34  __aeabi_uldivmod                    
000071ec  fputs                               
00007388  puts                                
000073c0  __aeabi_memcpy                      
000073c0  __aeabi_memcpy4                     
000073c0  __aeabi_memcpy8                     
000073c0  memcpy                              
00007540  esmHighInterrupt                    
000076b8  setvbuf                             
00007810  main                                
00007894  checkPackets                        
00007950  __TI_doflush                        
000079d4  fflush                              
00007a80  ldexp                               
00007a80  ldexpl                              
00007a80  scalbn                              
00007a80  scalbnl                             
00007b9c  __TI_wrt_ok                         
00007c3c  __TI_rd_ok                          
00007cb4  fputc                               
00007cb4  putc                                
00007dac  putchar                             
00007dc0  __TI_closefile                      
00007e6c  fclose                              
00007ebc  _c_int00                            
00007f94  __aeabi_memclr                      
00007f94  __aeabi_memclr4                     
00007f94  __aeabi_memclr8                     
00007f98  __aeabi_memset                      
00007f98  __aeabi_memset4                     
00007f98  __aeabi_memset8                     
00007fa4  memset                              
00008044  __TI_auto_init                      
000080ec  fseek                               
0000819c  printf                              
00008238  __TI_writemsg                       
00008280  C$$IO$$                             
00008288  __TI_readmsg                        
000082dc  esmGroup1Notification               
000082f0  esmGroup2Notification               
00008304  esmGroup3Notification               
00008314  dmaGroupANotification               
00008328  canErrorNotification                
0000833c  canStatusChangeNotification         
00008350  canMessageNotification              
00008364  epcCAMFullNotification              
00008368  epcFIFOFullNotification             
00008414  C$$EXIT                             
0000841c  abort                               
00008428  exit                                
000084a4  frexp                               
000084a4  frexpl                              
00008530  atoi                                
000085b4  copy_in                             
00008638  ltoa                                
000086b8  __aeabi_idiv                        
000086b8  __aeabi_idivmod                     
0000870c  __aeabi_uidiv                       
0000870c  __aeabi_uidivmod                    
0000875c  strncpy                             
000087a4  memccpy                             
000087d0  memchr                              
000087fc  strchr                              
00008824  strcmp                              
0000884c  _register_unlock                    
00008858  _register_lock                      
00008864  _nop                                
00008870  strlen                              
00008890  copysign                            
00008890  copysignl                           
000088ac  strcpy                              
000088c4  __TI_decompress_none                
000088d8  __TI_decompress_rle24               
000088e0  handlePLLLockFail                   
000088e4  phantomInterrupt                    
000088e8  __aeabi_idiv0                       
000088ec  _system_post_cinit                  
00008b00  _ctypes_                            
00008cdc  __TI_Handler_Table_Base             
00008ce4  __TI_CINIT_Base                     
00008ce4  __TI_Handler_Table_Limit            
00008cf4  __TI_CINIT_Limit                    
08001500  _sys_memory                         
08001d00  _ftable                             
08001ec0  __TI_ft_end                         
08001ec4  __aeabi_stdin                       
08001ec8  __aeabi_stdout                      
08001ecc  __aeabi_stderr                      
08001ed0  __TI_cleanup_ptr                    
08001ed4  __TI_dtors_ptr                      
08001ed8  __TI_enable_exit_profile_output     
08001ee8  rx_data                             
08001ef1  tx_data                             
08001efc  _lock                               
08001f00  _unlock                             
08001f04  errno                               
08001f0c  __CIOBUF_                           
0800202c  __TI_tmpnams                        
ffffffff  __TI_pprof_out_hndl                 
ffffffff  __TI_prof_data_size                 
ffffffff  __TI_prof_data_start                
ffffffff  __binit__                           
ffffffff  __c_args__                          
ffffffff  binit                               
UNDEFED   SHT$$INIT_ARRAY$$Base               
UNDEFED   SHT$$INIT_ARRAY$$Limit              

[255 symbols]
